// Jest Snapshot v1, https://goo.gl/fbAQLP

exports[`ModalDescription component 
  title: "Sample String", description: "Sample String"
 1`] = `
<DocumentFragment>
  <div
    class="Modal-description"
    data-test="DesignSystem-ModalDescription"
  >
    <span
      class="Text Text--default Text--strong Text--regular"
      data-test="DesignSystem-ModalDescription--Title"
    >
      Sample String
    </span>
    <br />
    <span
      class="Text Text--default Text--regular"
      data-test="DesignSystem-ModalDescription--Description"
    >
      Sample String
    </span>
  </div>
</DocumentFragment>
`;
