// Jest Snapshot v1, https://goo.gl/fbAQLP

exports[`TimePicker component prop:inputFormat snapshot 
  inputFormat: "hh:mm AM", onTimeChange: "[Function]"
 1`] = `
<body>
  <div>
    <div
      class="d-flex flex-column flex-grow-1"
      data-test="DesignSystem-InputMask--Wrapper"
    >
      <div
        class="Input Input--regular"
        data-test="DesignSystem-InputWrapper"
        role="presentation"
        style="min-width: 256px;"
      >
        <input
          autocomplete="off"
          class="Input-input Input-input--regular"
          data-test="DesignSystem-Input"
          placeholder="--:-- AM"
          type="text"
          value=""
        />
      </div>
    </div>
  </div>
</body>
`;

exports[`TimePicker component prop:inputFormat snapshot 
  inputFormat: "hh:mm", onTimeChange: "[Function]"
 1`] = `
<body>
  <div>
    <div
      class="d-flex flex-column flex-grow-1"
      data-test="DesignSystem-InputMask--Wrapper"
    >
      <div
        class="Input Input--regular"
        data-test="DesignSystem-InputWrapper"
        role="presentation"
        style="min-width: 256px;"
      >
        <input
          autocomplete="off"
          class="Input-input Input-input--regular"
          data-test="DesignSystem-Input"
          placeholder="--:--"
          type="text"
          value=""
        />
      </div>
    </div>
  </div>
</body>
`;

exports[`TimePicker component prop:outputFormat snapshot 
  outputFormat: "hh:mm AM", onTimeChange: "[Function]"
 1`] = `
<body>
  <div>
    <div
      class="d-flex flex-column flex-grow-1"
      data-test="DesignSystem-InputMask--Wrapper"
    >
      <div
        class="Input Input--regular"
        data-test="DesignSystem-InputWrapper"
        role="presentation"
        style="min-width: 256px;"
      >
        <input
          autocomplete="off"
          class="Input-input Input-input--regular"
          data-test="DesignSystem-Input"
          placeholder="--:-- AM"
          type="text"
          value=""
        />
      </div>
    </div>
  </div>
</body>
`;

exports[`TimePicker component prop:outputFormat snapshot 
  outputFormat: "hh:mm", onTimeChange: "[Function]"
 1`] = `
<body>
  <div>
    <div
      class="d-flex flex-column flex-grow-1"
      data-test="DesignSystem-InputMask--Wrapper"
    >
      <div
        class="Input Input--regular"
        data-test="DesignSystem-InputWrapper"
        role="presentation"
        style="min-width: 256px;"
      >
        <input
          autocomplete="off"
          class="Input-input Input-input--regular"
          data-test="DesignSystem-Input"
          placeholder="--:-- AM"
          type="text"
          value=""
        />
      </div>
    </div>
  </div>
</body>
`;

exports[`TimePicker component prop:time snapshot 
  time: "3:30 AM"
 1`] = `
<body>
  <div>
    <div
      class="d-flex flex-column flex-grow-1"
      data-test="DesignSystem-InputMask--Wrapper"
    >
      <div
        class="Input Input--regular"
        data-test="DesignSystem-InputWrapper"
        role="presentation"
        style="min-width: 256px;"
      >
        <input
          autocomplete="off"
          class="Input-input Input-input--regular"
          data-test="DesignSystem-Input"
          placeholder="--:-- AM"
          type="text"
          value="3:30 AM"
        />
        <div
          class="Input-icon Input-iconWrapper--right"
        >
          <i
            class="material-icons material-icons-round Icon Input-icon--right"
            data-test="DesignSystem-Input--closeIcon"
            role="button"
            style="font-size: 16px; width: 16px;"
            tabindex="0"
          >
            close_round
          </i>
        </div>
      </div>
    </div>
  </div>
</body>
`;

exports[`TimePicker component prop:time snapshot 
  time: 1629880121
 1`] = `
<body>
  <div>
    <div
      class="d-flex flex-column flex-grow-1"
      data-test="DesignSystem-InputMask--Wrapper"
    >
      <div
        class="Input Input--regular"
        data-test="DesignSystem-InputWrapper"
        role="presentation"
        style="min-width: 256px;"
      >
        <input
          autocomplete="off"
          class="Input-input Input-input--regular"
          data-test="DesignSystem-Input"
          placeholder="--:-- AM"
          type="text"
          value="08:44 PM"
        />
        <div
          class="Input-icon Input-iconWrapper--right"
        >
          <i
            class="material-icons material-icons-round Icon Input-icon--right"
            data-test="DesignSystem-Input--closeIcon"
            role="button"
            style="font-size: 16px; width: 16px;"
            tabindex="0"
          >
            close_round
          </i>
        </div>
      </div>
    </div>
  </div>
</body>
`;

exports[`TimePicker component prop:validators snapshot 
  validators: false
 1`] = `
<body>
  <div>
    <div
      class="d-flex flex-column flex-grow-1"
      data-test="DesignSystem-InputMask--Wrapper"
    >
      <div
        class="Input Input--regular"
        data-test="DesignSystem-InputWrapper"
        role="presentation"
        style="min-width: 256px;"
      >
        <input
          autocomplete="off"
          class="Input-input Input-input--regular"
          data-test="DesignSystem-Input"
          placeholder="--:-- AM"
          type="text"
          value=""
        />
      </div>
    </div>
  </div>
</body>
`;

exports[`TimePicker component prop:validators snapshot 
  validators: true
 1`] = `
<body>
  <div>
    <div
      class="d-flex flex-column flex-grow-1"
      data-test="DesignSystem-InputMask--Wrapper"
    >
      <div
        class="Input Input--regular"
        data-test="DesignSystem-InputWrapper"
        role="presentation"
        style="min-width: 256px;"
      >
        <input
          autocomplete="off"
          class="Input-input Input-input--regular"
          data-test="DesignSystem-Input"
          placeholder="--:-- AM"
          type="text"
          value=""
        />
      </div>
    </div>
  </div>
</body>
`;
