// Jest Snapshot v1, https://goo.gl/fbAQLP

exports[`Heading component 
  appearance: "default"
 1`] = `
<body>
  <div>
    <h4
      class="Heading Heading--m Heading--default"
      data-test="DesignSystem-Heading"
    >
      Heading
    </h4>
  </div>
</body>
`;

exports[`Heading component 
  appearance: "disabled"
 1`] = `
<body>
  <div>
    <h4
      class="Heading Heading--m Heading--disabled"
      data-test="DesignSystem-Heading"
    >
      Heading
    </h4>
  </div>
</body>
`;

exports[`Heading component 
  appearance: "subtle"
 1`] = `
<body>
  <div>
    <h4
      class="Heading Heading--m Heading--subtle"
      data-test="DesignSystem-Heading"
    >
      Heading
    </h4>
  </div>
</body>
`;

exports[`Heading component 
  appearance: "white"
 1`] = `
<body>
  <div>
    <h4
      class="Heading Heading--m Heading--white"
      data-test="DesignSystem-Heading"
    >
      Heading
    </h4>
  </div>
</body>
`;

exports[`Heading component 
  size: "l"
 1`] = `
<body>
  <div>
    <h3
      class="Heading Heading--l Heading--default"
      data-test="DesignSystem-Heading"
    >
      Heading
    </h3>
  </div>
</body>
`;

exports[`Heading component 
  size: "m"
 1`] = `
<body>
  <div>
    <h4
      class="Heading Heading--m Heading--default"
      data-test="DesignSystem-Heading"
    >
      Heading
    </h4>
  </div>
</body>
`;

exports[`Heading component 
  size: "s"
 1`] = `
<body>
  <div>
    <h5
      class="Heading Heading--s Heading--default"
      data-test="DesignSystem-Heading"
    >
      Heading
    </h5>
  </div>
</body>
`;

exports[`Heading component 
  size: "xl"
 1`] = `
<body>
  <div>
    <h2
      class="Heading Heading--xl Heading--default"
      data-test="DesignSystem-Heading"
    >
      Heading
    </h2>
  </div>
</body>
`;

exports[`Heading component 
  size: "xxl"
 1`] = `
<body>
  <div>
    <h1
      class="Heading Heading--xxl Heading--default"
      data-test="DesignSystem-Heading"
    >
      Heading
    </h1>
  </div>
</body>
`;
