// Jest Snapshot v1, https://goo.gl/fbAQLP

exports[`Switch component 
  checked: true
 1`] = `
<body>
  <div>
    <div
      class="Switch Switch--regular"
    >
      <input
        checked=""
        class="Switch-input"
        type="checkbox"
        value=""
      />
      <span
        class="Switch-wrapper Switch-wrapper--regular Switch-wrapper--checked"
      />
    </div>
  </div>
</body>
`;

exports[`Switch component 
  checked: true, disabled: false
 1`] = `
<body>
  <div>
    <div
      class="Switch Switch--regular"
    >
      <input
        checked=""
        class="Switch-input"
        type="checkbox"
        value=""
      />
      <span
        class="Switch-wrapper Switch-wrapper--regular Switch-wrapper--checked"
      />
    </div>
  </div>
</body>
`;

exports[`Switch component 
  checked: true, disabled: true
 1`] = `
<body>
  <div>
    <div
      class="Switch Switch--disabled Switch--regular"
    >
      <input
        checked=""
        class="Switch-input"
        disabled=""
        type="checkbox"
        value=""
      />
      <span
        class="Switch-wrapper Switch-wrapper--disabled Switch-wrapper--regular Switch-wrapper--checked Switch-wrapper--checkedDisabled"
      />
    </div>
  </div>
</body>
`;

exports[`Switch component 
  checked: true, size: "regular"
 1`] = `
<body>
  <div>
    <div
      class="Switch Switch--regular"
    >
      <input
        checked=""
        class="Switch-input"
        type="checkbox"
        value=""
      />
      <span
        class="Switch-wrapper Switch-wrapper--regular Switch-wrapper--checked"
      />
    </div>
  </div>
</body>
`;

exports[`Switch component 
  checked: true, size: "tiny"
 1`] = `
<body>
  <div>
    <div
      class="Switch Switch--tiny"
    >
      <input
        checked=""
        class="Switch-input"
        type="checkbox"
        value=""
      />
      <span
        class="Switch-wrapper Switch-wrapper--tiny Switch-wrapper--checked"
      />
    </div>
  </div>
</body>
`;
