// Jest Snapshot v1, https://goo.gl/fbAQLP

exports[`ChipGroup component 
  list: [{"label":"Action","icon":"assessment","clearButton":true,"disabled":false,"name":"1","type":"action"},{"label":"Input","icon":"assessment","clearButton":true,"disabled":false,"name":"2","type":"input"},{"label":"Selection","icon":"assessment","clearButton":true,"disabled":false,"selected":true,"name":"3","type":"selection"},{"label":"Selection","icon":"assessment","clearButton":true,"disabled":false,"name":"4","type":"selection"}], onclick: "[Function]", onClose: "[Function]"
 1`] = `
<body>
  <div>
    <div
      class="ChipGroup"
      data-test="DesignSystem-ChipGroup"
    >
      <span
        class="ChipGroup-item"
      >
        <div
          class="Chip-wrapper Chip Chip--action"
          data-test="DesignSystem-ChipGroup--Chip"
        >
          <i
            class="material-icons material-icons-round Icon Icon--default Chip-icon Chip-icon--left"
            data-test="DesignSystem-GenericChip--Icon"
            role="button"
            style="font-size: 16px; width: 16px;"
          >
            assessment_round
          </i>
          <span
            class="Text Text--default Text--regular"
            data-test="DesignSystem-GenericChip--Text"
          >
            Action
          </span>
        </div>
      </span>
      <span
        class="ChipGroup-item"
      >
        <div
          class="Chip-wrapper Chip Chip--input"
          data-test="DesignSystem-ChipGroup--Chip"
        >
          <i
            class="material-icons material-icons-round Icon Chip-icon Chip-icon--left"
            data-test="DesignSystem-GenericChip--Icon"
            role="button"
            style="font-size: 16px; width: 16px;"
          >
            assessment_round
          </i>
          <span
            class="Text Text--default Text--regular"
            data-test="DesignSystem-GenericChip--Text"
          >
            Input
          </span>
          <i
            class="material-icons material-icons-round Icon Chip-icon Chip-icon--right cursor-pointer"
            data-test="DesignSystem-GenericChip--clearButton"
            role="button"
            style="font-size: 16px; width: 16px;"
            tabindex="0"
          >
            clear_round
          </i>
        </div>
      </span>
      <span
        class="ChipGroup-item"
      >
        <div
          class="Chip-wrapper Chip Chip--selection Chip-selection--selected"
          data-test="DesignSystem-ChipGroup--Chip"
        >
          <i
            class="material-icons material-icons-round Icon Icon--info Chip-icon Chip-icon--left"
            data-test="DesignSystem-GenericChip--Icon"
            role="button"
            style="font-size: 16px; width: 16px;"
          >
            assessment_round
          </i>
          <span
            class="Text Text--link Text--regular"
            data-test="DesignSystem-GenericChip--Text"
          >
            Selection
          </span>
          <i
            class="material-icons material-icons-round Icon Icon--info Chip-icon Chip-icon--right cursor-pointer"
            data-test="DesignSystem-GenericChip--clearButton"
            role="button"
            style="font-size: 16px; width: 16px;"
            tabindex="0"
          >
            clear_round
          </i>
        </div>
      </span>
      <span
        class="ChipGroup-item"
      >
        <div
          class="Chip-wrapper Chip Chip--selection"
          data-test="DesignSystem-ChipGroup--Chip"
        >
          <i
            class="material-icons material-icons-round Icon Chip-icon Chip-icon--left"
            data-test="DesignSystem-GenericChip--Icon"
            role="button"
            style="font-size: 16px; width: 16px;"
          >
            assessment_round
          </i>
          <span
            class="Text Text--default Text--regular"
            data-test="DesignSystem-GenericChip--Text"
          >
            Selection
          </span>
          <i
            class="material-icons material-icons-round Icon Chip-icon Chip-icon--right cursor-pointer"
            data-test="DesignSystem-GenericChip--clearButton"
            role="button"
            style="font-size: 16px; width: 16px;"
            tabindex="0"
          >
            clear_round
          </i>
        </div>
      </span>
    </div>
  </div>
</body>
`;
