// Jest Snapshot v1, https://goo.gl/fbAQLP

exports[`Text component 
  children: "Sample String", appearance: "default"
 1`] = `
<body>
  <div>
    <span
      class="Text Text--default Text--regular"
      data-test="DesignSystem-Text"
    >
      Sample String
    </span>
  </div>
</body>
`;

exports[`Text component 
  children: "Sample String", appearance: "destructive"
 1`] = `
<body>
  <div>
    <span
      class="Text Text--destructive Text--regular"
      data-test="DesignSystem-Text"
    >
      Sample String
    </span>
  </div>
</body>
`;

exports[`Text component 
  children: "Sample String", appearance: "disabled"
 1`] = `
<body>
  <div>
    <span
      class="Text Text--disabled Text--regular"
      data-test="DesignSystem-Text"
    >
      Sample String
    </span>
  </div>
</body>
`;

exports[`Text component 
  children: "Sample String", appearance: "link"
 1`] = `
<body>
  <div>
    <span
      class="Text Text--link Text--regular"
      data-test="DesignSystem-Text"
    >
      Sample String
    </span>
  </div>
</body>
`;

exports[`Text component 
  children: "Sample String", appearance: "subtle"
 1`] = `
<body>
  <div>
    <span
      class="Text Text--subtle Text--regular"
      data-test="DesignSystem-Text"
    >
      Sample String
    </span>
  </div>
</body>
`;

exports[`Text component 
  children: "Sample String", appearance: "success"
 1`] = `
<body>
  <div>
    <span
      class="Text Text--success Text--regular"
      data-test="DesignSystem-Text"
    >
      Sample String
    </span>
  </div>
</body>
`;

exports[`Text component 
  children: "Sample String", appearance: "white"
 1`] = `
<body>
  <div>
    <span
      class="Text Text--white Text--regular"
      data-test="DesignSystem-Text"
    >
      Sample String
    </span>
  </div>
</body>
`;

exports[`Text component 
  children: "Sample String", size: "large"
 1`] = `
<body>
  <div>
    <span
      class="Text Text--default Text--large"
      data-test="DesignSystem-Text"
    >
      Sample String
    </span>
  </div>
</body>
`;

exports[`Text component 
  children: "Sample String", size: "regular"
 1`] = `
<body>
  <div>
    <span
      class="Text Text--default Text--regular"
      data-test="DesignSystem-Text"
    >
      Sample String
    </span>
  </div>
</body>
`;

exports[`Text component 
  children: "Sample String", size: "small"
 1`] = `
<body>
  <div>
    <span
      class="Text Text--default Text--small"
      data-test="DesignSystem-Text"
    >
      Sample String
    </span>
  </div>
</body>
`;

exports[`Text component 
  children: "Sample String", small: false
 1`] = `
Object {
  "asFragment": [Function],
  "baseElement": <body>
    <div>
      <span
        class="Text Text--default Text--regular"
        data-test="DesignSystem-Text"
      >
        Sample String
      </span>
    </div>
  </body>,
  "container": <div>
    <span
      class="Text Text--default Text--regular"
      data-test="DesignSystem-Text"
    >
      Sample String
    </span>
  </div>,
  "debug": [Function],
  "findAllByAltText": [Function],
  "findAllByDisplayValue": [Function],
  "findAllByLabelText": [Function],
  "findAllByPlaceholderText": [Function],
  "findAllByRole": [Function],
  "findAllByTestId": [Function],
  "findAllByText": [Function],
  "findAllByTitle": [Function],
  "findByAltText": [Function],
  "findByDisplayValue": [Function],
  "findByLabelText": [Function],
  "findByPlaceholderText": [Function],
  "findByRole": [Function],
  "findByTestId": [Function],
  "findByText": [Function],
  "findByTitle": [Function],
  "getAllByAltText": [Function],
  "getAllByDisplayValue": [Function],
  "getAllByLabelText": [Function],
  "getAllByPlaceholderText": [Function],
  "getAllByRole": [Function],
  "getAllByTestId": [Function],
  "getAllByText": [Function],
  "getAllByTitle": [Function],
  "getByAltText": [Function],
  "getByDisplayValue": [Function],
  "getByLabelText": [Function],
  "getByPlaceholderText": [Function],
  "getByRole": [Function],
  "getByTestId": [Function],
  "getByText": [Function],
  "getByTitle": [Function],
  "queryAllByAltText": [Function],
  "queryAllByDisplayValue": [Function],
  "queryAllByLabelText": [Function],
  "queryAllByPlaceholderText": [Function],
  "queryAllByRole": [Function],
  "queryAllByTestId": [Function],
  "queryAllByText": [Function],
  "queryAllByTitle": [Function],
  "queryByAltText": [Function],
  "queryByDisplayValue": [Function],
  "queryByLabelText": [Function],
  "queryByPlaceholderText": [Function],
  "queryByRole": [Function],
  "queryByTestId": [Function],
  "queryByText": [Function],
  "queryByTitle": [Function],
  "rerender": [Function],
  "unmount": [Function],
}
`;

exports[`Text component 
  children: "Sample String", small: true
 1`] = `
Object {
  "asFragment": [Function],
  "baseElement": <body>
    <div>
      <span
        class="Text Text--default Text--regular Text--small"
        data-test="DesignSystem-Text"
      >
        Sample String
      </span>
    </div>
  </body>,
  "container": <div>
    <span
      class="Text Text--default Text--regular Text--small"
      data-test="DesignSystem-Text"
    >
      Sample String
    </span>
  </div>,
  "debug": [Function],
  "findAllByAltText": [Function],
  "findAllByDisplayValue": [Function],
  "findAllByLabelText": [Function],
  "findAllByPlaceholderText": [Function],
  "findAllByRole": [Function],
  "findAllByTestId": [Function],
  "findAllByText": [Function],
  "findAllByTitle": [Function],
  "findByAltText": [Function],
  "findByDisplayValue": [Function],
  "findByLabelText": [Function],
  "findByPlaceholderText": [Function],
  "findByRole": [Function],
  "findByTestId": [Function],
  "findByText": [Function],
  "findByTitle": [Function],
  "getAllByAltText": [Function],
  "getAllByDisplayValue": [Function],
  "getAllByLabelText": [Function],
  "getAllByPlaceholderText": [Function],
  "getAllByRole": [Function],
  "getAllByTestId": [Function],
  "getAllByText": [Function],
  "getAllByTitle": [Function],
  "getByAltText": [Function],
  "getByDisplayValue": [Function],
  "getByLabelText": [Function],
  "getByPlaceholderText": [Function],
  "getByRole": [Function],
  "getByTestId": [Function],
  "getByText": [Function],
  "getByTitle": [Function],
  "queryAllByAltText": [Function],
  "queryAllByDisplayValue": [Function],
  "queryAllByLabelText": [Function],
  "queryAllByPlaceholderText": [Function],
  "queryAllByRole": [Function],
  "queryAllByTestId": [Function],
  "queryAllByText": [Function],
  "queryAllByTitle": [Function],
  "queryByAltText": [Function],
  "queryByDisplayValue": [Function],
  "queryByLabelText": [Function],
  "queryByPlaceholderText": [Function],
  "queryByRole": [Function],
  "queryByTestId": [Function],
  "queryByText": [Function],
  "queryByTitle": [Function],
  "rerender": [Function],
  "unmount": [Function],
}
`;

exports[`Text component 
  children: "Sample String", weight: "medium"
 1`] = `
<body>
  <div>
    <span
      class="Text Text--default Text--medium Text--regular"
      data-test="DesignSystem-Text"
    >
      Sample String
    </span>
  </div>
</body>
`;

exports[`Text component 
  children: "Sample String", weight: "strong"
 1`] = `
<body>
  <div>
    <span
      class="Text Text--default Text--strong Text--regular"
      data-test="DesignSystem-Text"
    >
      Sample String
    </span>
  </div>
</body>
`;
