// Jest Snapshot v1, https://goo.gl/fbAQLP

exports[`Sidesheet component 
  open: true, backdropClose: false, dimension: "large", headerOptions: {"backIcon":false,"heading":"Heading","subHeading":"Subheading"}, seperator: false, stickFooter: false
 1`] = `
<body
  style="overflow: hidden;"
>
  <div
    class="Overlay-wrapper"
  >
    <div
      class="Row Overlay-container fade-in Overlay-container--open"
      data-layer="true"
      data-open="true"
      data-test="DesignSystem-SidesheetContainer"
      style="z-index: 1001;"
    >
      <div
        class="Col Col--10 Sidesheet Sidesheet--open Sidesheet-animation--open"
        data-test="DesignSystem-Sidesheet"
      >
        <div
          class="Sidesheet-header"
        >
          <div
            class="Col"
            data-test="DesignSystem-Sidesheet--Header"
          >
            <div
              class="OverlayHeader"
              data-test="DesignSystem-OverlayHeader"
            >
              <div
                class="OverlayHeader-headerWrapper"
              >
                <h4
                  class="Heading Heading--m Heading--default Sidesheet-header--shiftLeft"
                  data-test="DesignSystem-OverlayHeader--heading"
                >
                  Heading
                </h4>
              </div>
              <span
                class="Text Text--subtle Text--regular OverlayHeader-subheading"
                data-test="DesignSystem-OverlayHeader--Subheading"
              >
                Subheading
              </span>
            </div>
          </div>
          <div
            class="Col flex-grow-0"
            data-test="DesignSystem-Column"
          >
            <style />
            <div
              class="PopperWrapper-trigger"
            >
              <button
                class="Button Button--regular Button--regularSquare Button--transparent"
                data-test="DesignSystem-Sidesheet--CloseButton"
                tabindex="0"
              >
                <div
                  class="Button-icon"
                  data-test="DesignSystem-Button--Icon-Wrapper"
                >
                  <i
                    class="material-symbols material-symbols-rounded Icon"
                    data-test="DesignSystem-Button--Icon"
                    role="button"
                    style="font-size: 20px; width: 20px;"
                  >
                    close
                  </i>
                </div>
              </button>
            </div>
          </div>
        </div>
        <div
          class="OverlayBody Sidesheet-body Sidesheet-body--firstPage"
          data-test="DesignSystem-Sidesheet--OverlayBody"
        />
      </div>
    </div>
  </div>
  <div />
  <div
    class="Backdrop Backdrop--open Backdrop-animation--open"
    data-layer="true"
    data-opened="true"
    data-test="DesignSystem-Backdrop"
    style="z-index: 1000;"
  />
</body>
`;

exports[`Sidesheet component 
  open: true, backdropClose: false, dimension: "regular", headerOptions: {"backIcon":false,"heading":"Heading","subHeading":"Subheading"}, seperator: false, stickFooter: false
 1`] = `
<body
  style="overflow: hidden;"
>
  <div />
  <div
    class="Overlay-wrapper"
  >
    <div
      class="Row Overlay-container fade-in Overlay-container--open"
      data-layer="true"
      data-open="true"
      data-test="DesignSystem-SidesheetContainer"
      style="z-index: 1001;"
    >
      <div
        class="Col Col--6 Sidesheet Sidesheet--open Sidesheet-animation--open"
        data-test="DesignSystem-Sidesheet"
      >
        <div
          class="Sidesheet-header"
        >
          <div
            class="Col"
            data-test="DesignSystem-Sidesheet--Header"
          >
            <div
              class="OverlayHeader"
              data-test="DesignSystem-OverlayHeader"
            >
              <div
                class="OverlayHeader-headerWrapper"
              >
                <h4
                  class="Heading Heading--m Heading--default Sidesheet-header--shiftLeft"
                  data-test="DesignSystem-OverlayHeader--heading"
                >
                  Heading
                </h4>
              </div>
              <span
                class="Text Text--subtle Text--regular OverlayHeader-subheading"
                data-test="DesignSystem-OverlayHeader--Subheading"
              >
                Subheading
              </span>
            </div>
          </div>
          <div
            class="Col flex-grow-0"
            data-test="DesignSystem-Column"
          >
            <style />
            <div
              class="PopperWrapper-trigger"
            >
              <button
                class="Button Button--regular Button--regularSquare Button--transparent"
                data-test="DesignSystem-Sidesheet--CloseButton"
                tabindex="0"
              >
                <div
                  class="Button-icon"
                  data-test="DesignSystem-Button--Icon-Wrapper"
                >
                  <i
                    class="material-symbols material-symbols-rounded Icon"
                    data-test="DesignSystem-Button--Icon"
                    role="button"
                    style="font-size: 20px; width: 20px;"
                  >
                    close
                  </i>
                </div>
              </button>
            </div>
          </div>
        </div>
        <div
          class="OverlayBody Sidesheet-body Sidesheet-body--firstPage"
          data-test="DesignSystem-Sidesheet--OverlayBody"
        />
      </div>
    </div>
  </div>
  <div
    class="Backdrop Backdrop--open Backdrop-animation--open"
    data-layer="true"
    data-opened="true"
    data-test="DesignSystem-Backdrop"
    style="z-index: 1000;"
  />
</body>
`;
