// Jest Snapshot v1, https://goo.gl/fbAQLP

exports[`Avatar Image component 
  src: "https://design.innovaccer.com/images/withoutType.png"
 1`] = `
Object {
  "asFragment": [Function],
  "baseElement": <body>
    <div>
      <span
        class="position-relative d-inline-flex"
      >
        <style />
        <div
          class="PopperWrapper-trigger flex-grow-0"
        >
          <span
            class=""
            data-test="DesignSystem-AvatarWrapper"
            role="presentation"
          >
            <span
              class="Avatar Avatar--regular Avatar--accent1 Avatar--default"
              data-test="DesignSystem-Avatar"
              tabindex="0"
            >
              <img
                alt="John"
                data-test="DesignSystem-Image"
                height="32"
                src="https://design.innovaccer.com/images/withoutType.png"
                width="32"
              />
            </span>
          </span>
        </div>
      </span>
    </div>
    <div>
      <span
        class="position-relative d-inline-flex"
      >
        <span
          class=""
          data-test="DesignSystem-AvatarWrapper"
          role="presentation"
        >
          <span
            class="Avatar Avatar--regular Avatar--secondary Avatar--noInitials Avatar--default"
            data-test="DesignSystem-Avatar"
            tabindex="0"
          >
            <img
              data-test="DesignSystem-Image"
              height="32"
              src="https://design.innovaccer.com/images/withoutType.png"
              width="32"
            />
          </span>
        </span>
      </span>
    </div>
  </body>,
  "container": <div>
    <span
      class="position-relative d-inline-flex"
    >
      <span
        class=""
        data-test="DesignSystem-AvatarWrapper"
        role="presentation"
      >
        <span
          class="Avatar Avatar--regular Avatar--secondary Avatar--noInitials Avatar--default"
          data-test="DesignSystem-Avatar"
          tabindex="0"
        >
          <img
            data-test="DesignSystem-Image"
            height="32"
            src="https://design.innovaccer.com/images/withoutType.png"
            width="32"
          />
        </span>
      </span>
    </span>
  </div>,
  "debug": [Function],
  "findAllByAltText": [Function],
  "findAllByDisplayValue": [Function],
  "findAllByLabelText": [Function],
  "findAllByPlaceholderText": [Function],
  "findAllByRole": [Function],
  "findAllByTestId": [Function],
  "findAllByText": [Function],
  "findAllByTitle": [Function],
  "findByAltText": [Function],
  "findByDisplayValue": [Function],
  "findByLabelText": [Function],
  "findByPlaceholderText": [Function],
  "findByRole": [Function],
  "findByTestId": [Function],
  "findByText": [Function],
  "findByTitle": [Function],
  "getAllByAltText": [Function],
  "getAllByDisplayValue": [Function],
  "getAllByLabelText": [Function],
  "getAllByPlaceholderText": [Function],
  "getAllByRole": [Function],
  "getAllByTestId": [Function],
  "getAllByText": [Function],
  "getAllByTitle": [Function],
  "getByAltText": [Function],
  "getByDisplayValue": [Function],
  "getByLabelText": [Function],
  "getByPlaceholderText": [Function],
  "getByRole": [Function],
  "getByTestId": [Function],
  "getByText": [Function],
  "getByTitle": [Function],
  "queryAllByAltText": [Function],
  "queryAllByDisplayValue": [Function],
  "queryAllByLabelText": [Function],
  "queryAllByPlaceholderText": [Function],
  "queryAllByRole": [Function],
  "queryAllByTestId": [Function],
  "queryAllByText": [Function],
  "queryAllByTitle": [Function],
  "queryByAltText": [Function],
  "queryByDisplayValue": [Function],
  "queryByLabelText": [Function],
  "queryByPlaceholderText": [Function],
  "queryByRole": [Function],
  "queryByTestId": [Function],
  "queryByText": [Function],
  "queryByTitle": [Function],
  "rerender": [Function],
  "unmount": [Function],
}
`;

exports[`Avatar Image component with svg 
  svg: "[ReactNode]"
 1`] = `
Object {
  "asFragment": [Function],
  "baseElement": <body>
    <div>
      <span
        class="position-relative d-inline-flex"
      >
        <span
          class=""
          data-test="DesignSystem-AvatarWrapper"
          role="presentation"
        >
          <span
            class="Avatar Avatar--regular Avatar--secondary Avatar--noInitials Avatar--default"
            data-test="DesignSystem-Avatar"
            tabindex="0"
          >
            <svg
              fill="black"
              height="18px"
              viewBox="0 0 24 24"
              width="18px"
              xmlns="http://www.w3.org/2000/svg"
            >
              <path
                d="M12 14c1.66 0 2.99-1.34 2.99-3L15 5c0-1.66-1.34-3-3-3S9 3.34 9 5v6c0 1.66 1.34 3 3 3zm5.3-3c0 3-2.54 5.1-5.3 5.1S6.7 14 6.7 11H5c0 3.41 2.72 6.23 6 6.72V21h2v-3.28c3.28-.48 6-3.3 6-6.72h-1.7z"
              />
              <path
                d="M0 0h24v24H0z"
                fill="none"
              />
            </svg>
          </span>
        </span>
      </span>
    </div>
  </body>,
  "container": <div>
    <span
      class="position-relative d-inline-flex"
    >
      <span
        class=""
        data-test="DesignSystem-AvatarWrapper"
        role="presentation"
      >
        <span
          class="Avatar Avatar--regular Avatar--secondary Avatar--noInitials Avatar--default"
          data-test="DesignSystem-Avatar"
          tabindex="0"
        >
          <svg
            fill="black"
            height="18px"
            viewBox="0 0 24 24"
            width="18px"
            xmlns="http://www.w3.org/2000/svg"
          >
            <path
              d="M12 14c1.66 0 2.99-1.34 2.99-3L15 5c0-1.66-1.34-3-3-3S9 3.34 9 5v6c0 1.66 1.34 3 3 3zm5.3-3c0 3-2.54 5.1-5.3 5.1S6.7 14 6.7 11H5c0 3.41 2.72 6.23 6 6.72V21h2v-3.28c3.28-.48 6-3.3 6-6.72h-1.7z"
            />
            <path
              d="M0 0h24v24H0z"
              fill="none"
            />
          </svg>
        </span>
      </span>
    </span>
  </div>,
  "debug": [Function],
  "findAllByAltText": [Function],
  "findAllByDisplayValue": [Function],
  "findAllByLabelText": [Function],
  "findAllByPlaceholderText": [Function],
  "findAllByRole": [Function],
  "findAllByTestId": [Function],
  "findAllByText": [Function],
  "findAllByTitle": [Function],
  "findByAltText": [Function],
  "findByDisplayValue": [Function],
  "findByLabelText": [Function],
  "findByPlaceholderText": [Function],
  "findByRole": [Function],
  "findByTestId": [Function],
  "findByText": [Function],
  "findByTitle": [Function],
  "getAllByAltText": [Function],
  "getAllByDisplayValue": [Function],
  "getAllByLabelText": [Function],
  "getAllByPlaceholderText": [Function],
  "getAllByRole": [Function],
  "getAllByTestId": [Function],
  "getAllByText": [Function],
  "getAllByTitle": [Function],
  "getByAltText": [Function],
  "getByDisplayValue": [Function],
  "getByLabelText": [Function],
  "getByPlaceholderText": [Function],
  "getByRole": [Function],
  "getByTestId": [Function],
  "getByText": [Function],
  "getByTitle": [Function],
  "queryAllByAltText": [Function],
  "queryAllByDisplayValue": [Function],
  "queryAllByLabelText": [Function],
  "queryAllByPlaceholderText": [Function],
  "queryAllByRole": [Function],
  "queryAllByTestId": [Function],
  "queryAllByText": [Function],
  "queryAllByTitle": [Function],
  "queryByAltText": [Function],
  "queryByDisplayValue": [Function],
  "queryByLabelText": [Function],
  "queryByPlaceholderText": [Function],
  "queryByRole": [Function],
  "queryByTestId": [Function],
  "queryByText": [Function],
  "queryByTitle": [Function],
  "rerender": [Function],
  "unmount": [Function],
}
`;
