// Jest Snapshot v1, https://goo.gl/fbAQLP

exports[`Image placeholder component 
  length: "large"
 1`] = `
<body>
  <div>
    <div
      class="PlaceholderParagraph-wrapper PlaceholderParagraph-wrapper--length-large"
    >
      <span
        class="Placeholder--animation PlaceholderParagraph"
      />
    </div>
  </div>
</body>
`;

exports[`Image placeholder component 
  length: "medium"
 1`] = `
<body>
  <div>
    <div
      class="PlaceholderParagraph-wrapper PlaceholderParagraph-wrapper--length-medium"
    >
      <span
        class="Placeholder--animation PlaceholderParagraph"
      />
    </div>
  </div>
</body>
`;

exports[`Image placeholder component 
  length: "small"
 1`] = `
<body>
  <div>
    <div
      class="PlaceholderParagraph-wrapper PlaceholderParagraph-wrapper--length-small"
    >
      <span
        class="Placeholder--animation PlaceholderParagraph"
      />
    </div>
  </div>
</body>
`;
