// Jest Snapshot v1, https://goo.gl/fbAQLP

exports[`Modal component 
  dimension: "large", open: true
 1`] = `
<body
  style="overflow: hidden;"
>
  <div
    class="Overlay-wrapper"
  >
    <div
      class="Row Row Modal-container Modal-container--open"
      data-layer="true"
      data-test="DesignSystem-ModalContainer"
    >
      <div
        class="Col Col--6 Col--xs-10 Col--m-8 Col--l-8 Modal Modal--open Modal-animation--open"
        data-test="DesignSystem-Modal"
      >
        <div
          class="Modal-header"
          data-test="DesignSystem-ModalHeader"
        >
          <div
            class="Modal-headerWrapper"
          >
            <div
              class="Modal-headerHeading"
            >
              <h4
                class="Heading Heading--m Heading--default"
                data-test="DesignSystem-Heading"
              >
                Heading
              </h4>
              <i
                class="material-icons Icon Icon--default mx-2 cursor-pointer"
                data-test="DesignSystem-ModalHeader--CloseIcon"
                style="font-size: 20px; width: 20px;"
              >
                close
              </i>
            </div>
          </div>
          <span
            class="Text Text--subtle Text--regular mt-2 ml-7"
            data-test="DesignSystem-ModalHeader--Subheading"
          >
            Subheading
          </span>
        </div>
      </div>
    </div>
  </div>
  <div />
  <div
    class="Backdrop Backdrop--open Backdrop-animation--open"
    data-layer="true"
    data-test="DesignSystem-Backdrop"
  />
</body>
`;

exports[`Modal component 
  dimension: "large", open: true, backdropClose: "[Function]"
 1`] = `
<body
  style="overflow: hidden;"
>
  <div
    class="Overlay-wrapper"
  >
    <div
      class="OutsideClick"
      data-test="DesignSystem-Modal--OutsideClick"
    >
      <div
        class="Row Row Modal-container Modal-container--open"
        data-layer="true"
        data-test="DesignSystem-ModalContainer"
      >
        <div
          class="Col Col--6 Col--xs-10 Col--m-8 Col--l-8 Modal Modal--open Modal-animation--open"
          data-test="DesignSystem-Modal"
        >
          <div
            class="Modal-header"
            data-test="DesignSystem-ModalHeader"
          >
            <div
              class="Modal-headerWrapper"
            >
              <div
                class="Modal-headerHeading"
              >
                <h4
                  class="Heading Heading--m Heading--default"
                  data-test="DesignSystem-Heading"
                >
                  Heading
                </h4>
                <i
                  class="material-icons Icon Icon--default mx-2 cursor-pointer"
                  data-test="DesignSystem-ModalHeader--CloseIcon"
                  style="font-size: 20px; width: 20px;"
                >
                  close
                </i>
              </div>
            </div>
            <span
              class="Text Text--subtle Text--regular mt-2 ml-7"
              data-test="DesignSystem-ModalHeader--Subheading"
            >
              Subheading
            </span>
          </div>
        </div>
      </div>
    </div>
  </div>
  <div />
  <div
    class="Backdrop Backdrop--open Backdrop-animation--open"
    data-layer="true"
    data-test="DesignSystem-Backdrop"
  />
</body>
`;

exports[`Modal component 
  dimension: "medium", open: true
 1`] = `
<body
  style="overflow: hidden;"
>
  <div
    class="Overlay-wrapper"
  >
    <div
      class="Row Row Modal-container Modal-container--open"
      data-layer="true"
      data-test="DesignSystem-ModalContainer"
    >
      <div
        class="Col Col--4 Col--xs-10 Col--m-6 Col--l-6 Modal Modal--open Modal-animation--open"
        data-test="DesignSystem-Modal"
      >
        <div
          class="Modal-header"
          data-test="DesignSystem-ModalHeader"
        >
          <div
            class="Modal-headerWrapper"
          >
            <div
              class="Modal-headerHeading"
            >
              <h4
                class="Heading Heading--m Heading--default"
                data-test="DesignSystem-Heading"
              >
                Heading
              </h4>
              <i
                class="material-icons Icon Icon--default mx-2 cursor-pointer"
                data-test="DesignSystem-ModalHeader--CloseIcon"
                style="font-size: 20px; width: 20px;"
              >
                close
              </i>
            </div>
          </div>
          <span
            class="Text Text--subtle Text--regular mt-2 ml-7"
            data-test="DesignSystem-ModalHeader--Subheading"
          >
            Subheading
          </span>
        </div>
      </div>
    </div>
  </div>
  <div />
  <div
    class="Backdrop Backdrop--open Backdrop-animation--open"
    data-layer="true"
    data-test="DesignSystem-Backdrop"
  />
</body>
`;

exports[`Modal component 
  dimension: "medium", open: true, backdropClose: "[Function]"
 1`] = `
<body
  style="overflow: hidden;"
>
  <div
    class="Overlay-wrapper"
  >
    <div
      class="OutsideClick"
      data-test="DesignSystem-Modal--OutsideClick"
    >
      <div
        class="Row Row Modal-container Modal-container--open"
        data-layer="true"
        data-test="DesignSystem-ModalContainer"
      >
        <div
          class="Col Col--4 Col--xs-10 Col--m-6 Col--l-6 Modal Modal--open Modal-animation--open"
          data-test="DesignSystem-Modal"
        >
          <div
            class="Modal-header"
            data-test="DesignSystem-ModalHeader"
          >
            <div
              class="Modal-headerWrapper"
            >
              <div
                class="Modal-headerHeading"
              >
                <h4
                  class="Heading Heading--m Heading--default"
                  data-test="DesignSystem-Heading"
                >
                  Heading
                </h4>
                <i
                  class="material-icons Icon Icon--default mx-2 cursor-pointer"
                  data-test="DesignSystem-ModalHeader--CloseIcon"
                  style="font-size: 20px; width: 20px;"
                >
                  close
                </i>
              </div>
            </div>
            <span
              class="Text Text--subtle Text--regular mt-2 ml-7"
              data-test="DesignSystem-ModalHeader--Subheading"
            >
              Subheading
            </span>
          </div>
        </div>
      </div>
    </div>
  </div>
  <div />
  <div
    class="Backdrop Backdrop--open Backdrop-animation--open"
    data-layer="true"
    data-test="DesignSystem-Backdrop"
  />
</body>
`;

exports[`Modal component 
  dimension: "small", open: true
 1`] = `
<body
  style="overflow: hidden;"
>
  <div />
  <div
    class="Overlay-wrapper"
  >
    <div
      class="Row Row Modal-container Modal-container--open"
      data-layer="true"
      data-test="DesignSystem-ModalContainer"
    >
      <div
        class="Col Col--3 Col--xs-10 Col--m-4 Col--l-4 Modal Modal--open Modal-animation--open"
        data-test="DesignSystem-Modal"
      >
        <div
          class="Modal-header"
          data-test="DesignSystem-ModalHeader"
        >
          <div
            class="Modal-headerWrapper"
          >
            <div
              class="Modal-headerHeading"
            >
              <h4
                class="Heading Heading--m Heading--default"
                data-test="DesignSystem-Heading"
              >
                Heading
              </h4>
              <i
                class="material-icons Icon Icon--default mx-2 cursor-pointer"
                data-test="DesignSystem-ModalHeader--CloseIcon"
                style="font-size: 20px; width: 20px;"
              >
                close
              </i>
            </div>
          </div>
          <span
            class="Text Text--subtle Text--regular mt-2 ml-7"
            data-test="DesignSystem-ModalHeader--Subheading"
          >
            Subheading
          </span>
        </div>
      </div>
    </div>
  </div>
  <div
    class="Backdrop Backdrop--open Backdrop-animation--open"
    data-layer="true"
    data-test="DesignSystem-Backdrop"
  />
</body>
`;

exports[`Modal component 
  dimension: "small", open: true, backdropClose: "[Function]"
 1`] = `
<body
  style="overflow: hidden;"
>
  <div
    class="Overlay-wrapper"
  >
    <div
      class="OutsideClick"
      data-test="DesignSystem-Modal--OutsideClick"
    >
      <div
        class="Row Row Modal-container Modal-container--open"
        data-layer="true"
        data-test="DesignSystem-ModalContainer"
      >
        <div
          class="Col Col--3 Col--xs-10 Col--m-4 Col--l-4 Modal Modal--open Modal-animation--open"
          data-test="DesignSystem-Modal"
        >
          <div
            class="Modal-header"
            data-test="DesignSystem-ModalHeader"
          >
            <div
              class="Modal-headerWrapper"
            >
              <div
                class="Modal-headerHeading"
              >
                <h4
                  class="Heading Heading--m Heading--default"
                  data-test="DesignSystem-Heading"
                >
                  Heading
                </h4>
                <i
                  class="material-icons Icon Icon--default mx-2 cursor-pointer"
                  data-test="DesignSystem-ModalHeader--CloseIcon"
                  style="font-size: 20px; width: 20px;"
                >
                  close
                </i>
              </div>
            </div>
            <span
              class="Text Text--subtle Text--regular mt-2 ml-7"
              data-test="DesignSystem-ModalHeader--Subheading"
            >
              Subheading
            </span>
          </div>
        </div>
      </div>
    </div>
  </div>
  <div />
  <div
    class="Backdrop Backdrop--open Backdrop-animation--open"
    data-layer="true"
    data-test="DesignSystem-Backdrop"
  />
</body>
`;
