// Jest Snapshot v1, https://goo.gl/fbAQLP

exports[`Dialog component 
  onClose: "[Function]", open: true, heading: "Sample String", icon: "Sample String", title: "Sample String", description: "Sample String", closeOnBackdrop: "[Function]", primaryButtonLabel: "Sample String", secondaryButtonLabel: "Sample String", primaryButtonCallback: "[Function]", primaryButtonAppearance: "alert"
 1`] = `
<body
  style="overflow: hidden;"
>
  <div
    class="Overlay-wrapper"
  >
    <div
      class="Row Row Modal-container Modal-container--open"
      data-layer="true"
      data-test="DesignSystem-ModalContainer"
    >
      <div
        class="Col Col--3 Col--xs-10 Col--m-4 Col--l-4 Modal Modal--open Modal-animation--open"
        data-test="DesignSystem-Dialog"
      >
        <div
          class="Modal-header"
          data-test="DesignSystem-ModalHeader"
        >
          <div
            class="Modal-headerWrapper"
          >
            <div
              class="Modal-headerHeading"
            >
              <h4
                class="Heading Heading--m Heading--default"
                data-test="DesignSystem-Heading"
              >
                Sample String
              </h4>
              <i
                class="material-icons Icon Icon--default mx-2 cursor-pointer"
                data-test="DesignSystem-ModalHeader--CloseIcon"
                style="font-size: 20px; width: 20px;"
              >
                close
              </i>
            </div>
          </div>
        </div>
        <div
          class="Modal-body Modal-body--stickFooter"
          data-test="DesignSystem-ModalBody"
        >
          <div
            class="Modal-description"
            data-test="DesignSystem-ModalDescription"
          >
            <span
              class="Text Text--default Text--strong Text--regular"
              data-test="DesignSystem-ModalDescription--Title"
            >
              Sample String
            </span>
            <br />
            <span
              class="Text Text--default Text--regular"
              data-test="DesignSystem-ModalDescription--Description"
            >
              Sample String
            </span>
          </div>
        </div>
        <div
          class="Modal-footer Modal-footer--inModal Modal-footer--stickToBottom"
          data-test="DesignSystem-ModalFooter"
        >
          <button
            class="Button Button--regular Button--basic Button--iconAlign-left"
            data-test="DesignSystem-Dialog--SecondaryButton"
            tabindex="0"
          >
            Sample String
          </button>
          <button
            class="Button Button--regular Button--alert Button--iconAlign-left ml-4"
            data-test="DesignSystem-Dialog--PrimaryButton"
            tabindex="0"
          >
            Sample String
          </button>
        </div>
      </div>
    </div>
  </div>
  <div />
  <div
    class="Backdrop Backdrop--open Backdrop-animation--open"
    data-layer="true"
    data-test="DesignSystem-Backdrop"
  />
</body>
`;

exports[`Dialog component 
  onClose: "[Function]", open: true, heading: "Sample String", icon: "Sample String", title: "Sample String", description: "Sample String", closeOnBackdrop: "[Function]", primaryButtonLabel: "Sample String", secondaryButtonLabel: "Sample String", primaryButtonCallback: "[Function]", primaryButtonAppearance: "basic"
 1`] = `
<body
  style="overflow: hidden;"
>
  <div />
  <div
    class="Overlay-wrapper"
  >
    <div
      class="Row Row Modal-container Modal-container--open"
      data-layer="true"
      data-test="DesignSystem-ModalContainer"
    >
      <div
        class="Col Col--3 Col--xs-10 Col--m-4 Col--l-4 Modal Modal--open Modal-animation--open"
        data-test="DesignSystem-Dialog"
      >
        <div
          class="Modal-header"
          data-test="DesignSystem-ModalHeader"
        >
          <div
            class="Modal-headerWrapper"
          >
            <div
              class="Modal-headerHeading"
            >
              <h4
                class="Heading Heading--m Heading--default"
                data-test="DesignSystem-Heading"
              >
                Sample String
              </h4>
              <i
                class="material-icons Icon Icon--default mx-2 cursor-pointer"
                data-test="DesignSystem-ModalHeader--CloseIcon"
                style="font-size: 20px; width: 20px;"
              >
                close
              </i>
            </div>
          </div>
        </div>
        <div
          class="Modal-body Modal-body--stickFooter"
          data-test="DesignSystem-ModalBody"
        >
          <div
            class="Modal-description"
            data-test="DesignSystem-ModalDescription"
          >
            <span
              class="Text Text--default Text--strong Text--regular"
              data-test="DesignSystem-ModalDescription--Title"
            >
              Sample String
            </span>
            <br />
            <span
              class="Text Text--default Text--regular"
              data-test="DesignSystem-ModalDescription--Description"
            >
              Sample String
            </span>
          </div>
        </div>
        <div
          class="Modal-footer Modal-footer--inModal Modal-footer--stickToBottom"
          data-test="DesignSystem-ModalFooter"
        >
          <button
            class="Button Button--regular Button--basic Button--iconAlign-left"
            data-test="DesignSystem-Dialog--SecondaryButton"
            tabindex="0"
          >
            Sample String
          </button>
          <button
            class="Button Button--regular Button--basic Button--iconAlign-left ml-4"
            data-test="DesignSystem-Dialog--PrimaryButton"
            tabindex="0"
          >
            Sample String
          </button>
        </div>
      </div>
    </div>
  </div>
  <div
    class="Backdrop Backdrop--open Backdrop-animation--open"
    data-layer="true"
    data-test="DesignSystem-Backdrop"
  />
</body>
`;

exports[`Dialog component 
  onClose: "[Function]", open: true, heading: "Sample String", icon: "Sample String", title: "Sample String", description: "Sample String", closeOnBackdrop: "[Function]", primaryButtonLabel: "Sample String", secondaryButtonLabel: "Sample String", primaryButtonCallback: "[Function]", primaryButtonAppearance: "primary"
 1`] = `
<body
  style="overflow: hidden;"
>
  <div
    class="Overlay-wrapper"
  >
    <div
      class="Row Row Modal-container Modal-container--open"
      data-layer="true"
      data-test="DesignSystem-ModalContainer"
    >
      <div
        class="Col Col--3 Col--xs-10 Col--m-4 Col--l-4 Modal Modal--open Modal-animation--open"
        data-test="DesignSystem-Dialog"
      >
        <div
          class="Modal-header"
          data-test="DesignSystem-ModalHeader"
        >
          <div
            class="Modal-headerWrapper"
          >
            <div
              class="Modal-headerHeading"
            >
              <h4
                class="Heading Heading--m Heading--default"
                data-test="DesignSystem-Heading"
              >
                Sample String
              </h4>
              <i
                class="material-icons Icon Icon--default mx-2 cursor-pointer"
                data-test="DesignSystem-ModalHeader--CloseIcon"
                style="font-size: 20px; width: 20px;"
              >
                close
              </i>
            </div>
          </div>
        </div>
        <div
          class="Modal-body Modal-body--stickFooter"
          data-test="DesignSystem-ModalBody"
        >
          <div
            class="Modal-description"
            data-test="DesignSystem-ModalDescription"
          >
            <span
              class="Text Text--default Text--strong Text--regular"
              data-test="DesignSystem-ModalDescription--Title"
            >
              Sample String
            </span>
            <br />
            <span
              class="Text Text--default Text--regular"
              data-test="DesignSystem-ModalDescription--Description"
            >
              Sample String
            </span>
          </div>
        </div>
        <div
          class="Modal-footer Modal-footer--inModal Modal-footer--stickToBottom"
          data-test="DesignSystem-ModalFooter"
        >
          <button
            class="Button Button--regular Button--basic Button--iconAlign-left"
            data-test="DesignSystem-Dialog--SecondaryButton"
            tabindex="0"
          >
            Sample String
          </button>
          <button
            class="Button Button--regular Button--primary Button--iconAlign-left ml-4"
            data-test="DesignSystem-Dialog--PrimaryButton"
            tabindex="0"
          >
            Sample String
          </button>
        </div>
      </div>
    </div>
  </div>
  <div />
  <div
    class="Backdrop Backdrop--open Backdrop-animation--open"
    data-layer="true"
    data-test="DesignSystem-Backdrop"
  />
</body>
`;

exports[`Dialog component 
  onClose: "[Function]", open: true, heading: "Sample String", icon: "Sample String", title: "Sample String", description: "Sample String", closeOnBackdrop: "[Function]", primaryButtonLabel: "Sample String", secondaryButtonLabel: "Sample String", primaryButtonCallback: "[Function]", primaryButtonAppearance: "success"
 1`] = `
<body
  style="overflow: hidden;"
>
  <div
    class="Overlay-wrapper"
  >
    <div
      class="Row Row Modal-container Modal-container--open"
      data-layer="true"
      data-test="DesignSystem-ModalContainer"
    >
      <div
        class="Col Col--3 Col--xs-10 Col--m-4 Col--l-4 Modal Modal--open Modal-animation--open"
        data-test="DesignSystem-Dialog"
      >
        <div
          class="Modal-header"
          data-test="DesignSystem-ModalHeader"
        >
          <div
            class="Modal-headerWrapper"
          >
            <div
              class="Modal-headerHeading"
            >
              <h4
                class="Heading Heading--m Heading--default"
                data-test="DesignSystem-Heading"
              >
                Sample String
              </h4>
              <i
                class="material-icons Icon Icon--default mx-2 cursor-pointer"
                data-test="DesignSystem-ModalHeader--CloseIcon"
                style="font-size: 20px; width: 20px;"
              >
                close
              </i>
            </div>
          </div>
        </div>
        <div
          class="Modal-body Modal-body--stickFooter"
          data-test="DesignSystem-ModalBody"
        >
          <div
            class="Modal-description"
            data-test="DesignSystem-ModalDescription"
          >
            <span
              class="Text Text--default Text--strong Text--regular"
              data-test="DesignSystem-ModalDescription--Title"
            >
              Sample String
            </span>
            <br />
            <span
              class="Text Text--default Text--regular"
              data-test="DesignSystem-ModalDescription--Description"
            >
              Sample String
            </span>
          </div>
        </div>
        <div
          class="Modal-footer Modal-footer--inModal Modal-footer--stickToBottom"
          data-test="DesignSystem-ModalFooter"
        >
          <button
            class="Button Button--regular Button--basic Button--iconAlign-left"
            data-test="DesignSystem-Dialog--SecondaryButton"
            tabindex="0"
          >
            Sample String
          </button>
          <button
            class="Button Button--regular Button--success Button--iconAlign-left ml-4"
            data-test="DesignSystem-Dialog--PrimaryButton"
            tabindex="0"
          >
            Sample String
          </button>
        </div>
      </div>
    </div>
  </div>
  <div />
  <div
    class="Backdrop Backdrop--open Backdrop-animation--open"
    data-layer="true"
    data-test="DesignSystem-Backdrop"
  />
</body>
`;

exports[`Dialog component 
  onClose: "[Function]", open: true, heading: "Sample String", icon: "Sample String", title: "Sample String", description: "Sample String", closeOnBackdrop: "[Function]", primaryButtonLabel: "Sample String", secondaryButtonLabel: "Sample String", primaryButtonCallback: "[Function]", primaryButtonAppearance: "transparent"
 1`] = `
<body
  style="overflow: hidden;"
>
  <div
    class="Overlay-wrapper"
  >
    <div
      class="Row Row Modal-container Modal-container--open"
      data-layer="true"
      data-test="DesignSystem-ModalContainer"
    >
      <div
        class="Col Col--3 Col--xs-10 Col--m-4 Col--l-4 Modal Modal--open Modal-animation--open"
        data-test="DesignSystem-Dialog"
      >
        <div
          class="Modal-header"
          data-test="DesignSystem-ModalHeader"
        >
          <div
            class="Modal-headerWrapper"
          >
            <div
              class="Modal-headerHeading"
            >
              <h4
                class="Heading Heading--m Heading--default"
                data-test="DesignSystem-Heading"
              >
                Sample String
              </h4>
              <i
                class="material-icons Icon Icon--default mx-2 cursor-pointer"
                data-test="DesignSystem-ModalHeader--CloseIcon"
                style="font-size: 20px; width: 20px;"
              >
                close
              </i>
            </div>
          </div>
        </div>
        <div
          class="Modal-body Modal-body--stickFooter"
          data-test="DesignSystem-ModalBody"
        >
          <div
            class="Modal-description"
            data-test="DesignSystem-ModalDescription"
          >
            <span
              class="Text Text--default Text--strong Text--regular"
              data-test="DesignSystem-ModalDescription--Title"
            >
              Sample String
            </span>
            <br />
            <span
              class="Text Text--default Text--regular"
              data-test="DesignSystem-ModalDescription--Description"
            >
              Sample String
            </span>
          </div>
        </div>
        <div
          class="Modal-footer Modal-footer--inModal Modal-footer--stickToBottom"
          data-test="DesignSystem-ModalFooter"
        >
          <button
            class="Button Button--regular Button--basic Button--iconAlign-left"
            data-test="DesignSystem-Dialog--SecondaryButton"
            tabindex="0"
          >
            Sample String
          </button>
          <button
            class="Button Button--regular Button--transparent Button--iconAlign-left ml-4"
            data-test="DesignSystem-Dialog--PrimaryButton"
            tabindex="0"
          >
            Sample String
          </button>
        </div>
      </div>
    </div>
  </div>
  <div />
  <div
    class="Backdrop Backdrop--open Backdrop-animation--open"
    data-layer="true"
    data-test="DesignSystem-Backdrop"
  />
</body>
`;

exports[`Dialog component 
  open: true, icon: "Sample String", title: "Sample String", heading: "Sample String", onClose: "[Function]", description: "Sample String", primaryButtonLabel: "Sample String", secondaryButtonLabel: "Sample String", dimension: "large"
 1`] = `
<body
  style="overflow: hidden;"
>
  <div
    class="Overlay-wrapper"
  >
    <div
      class="Row Row Modal-container Modal-container--open"
      data-layer="true"
      data-test="DesignSystem-ModalContainer"
    >
      <div
        class="Col Col--6 Col--xs-10 Col--m-8 Col--l-8 Modal Modal--open Modal-animation--open"
        data-test="DesignSystem-Dialog"
      >
        <div
          class="Modal-header"
          data-test="DesignSystem-ModalHeader"
        >
          <div
            class="Modal-headerWrapper"
          >
            <div
              class="Modal-headerHeading"
            >
              <h4
                class="Heading Heading--m Heading--default"
                data-test="DesignSystem-Heading"
              >
                Sample String
              </h4>
              <i
                class="material-icons Icon Icon--default mx-2 cursor-pointer"
                data-test="DesignSystem-ModalHeader--CloseIcon"
                style="font-size: 20px; width: 20px;"
              >
                close
              </i>
            </div>
          </div>
        </div>
        <div
          class="Modal-body Modal-body--stickFooter"
          data-test="DesignSystem-ModalBody"
        >
          <div
            class="Modal-description"
            data-test="DesignSystem-ModalDescription"
          >
            <span
              class="Text Text--default Text--strong Text--regular"
              data-test="DesignSystem-ModalDescription--Title"
            >
              Sample String
            </span>
            <br />
            <span
              class="Text Text--default Text--regular"
              data-test="DesignSystem-ModalDescription--Description"
            >
              Sample String
            </span>
          </div>
        </div>
        <div
          class="Modal-footer Modal-footer--inModal Modal-footer--stickToBottom"
          data-test="DesignSystem-ModalFooter"
        >
          <button
            class="Button Button--regular Button--basic Button--iconAlign-left"
            data-test="DesignSystem-Dialog--SecondaryButton"
            tabindex="0"
          >
            Sample String
          </button>
          <button
            class="Button Button--regular Button--primary Button--iconAlign-left ml-4"
            data-test="DesignSystem-Dialog--PrimaryButton"
            tabindex="0"
          >
            Sample String
          </button>
        </div>
      </div>
    </div>
  </div>
  <div />
  <div
    class="Backdrop Backdrop--open Backdrop-animation--open"
    data-layer="true"
    data-test="DesignSystem-Backdrop"
  />
</body>
`;

exports[`Dialog component 
  open: true, icon: "Sample String", title: "Sample String", heading: "Sample String", onClose: "[Function]", description: "Sample String", primaryButtonLabel: "Sample String", secondaryButtonLabel: "Sample String", dimension: "medium"
 1`] = `
<body
  style="overflow: hidden;"
>
  <div
    class="Overlay-wrapper"
  >
    <div
      class="Row Row Modal-container Modal-container--open"
      data-layer="true"
      data-test="DesignSystem-ModalContainer"
    >
      <div
        class="Col Col--4 Col--xs-10 Col--m-6 Col--l-6 Modal Modal--open Modal-animation--open"
        data-test="DesignSystem-Dialog"
      >
        <div
          class="Modal-header"
          data-test="DesignSystem-ModalHeader"
        >
          <div
            class="Modal-headerWrapper"
          >
            <div
              class="Modal-headerHeading"
            >
              <h4
                class="Heading Heading--m Heading--default"
                data-test="DesignSystem-Heading"
              >
                Sample String
              </h4>
              <i
                class="material-icons Icon Icon--default mx-2 cursor-pointer"
                data-test="DesignSystem-ModalHeader--CloseIcon"
                style="font-size: 20px; width: 20px;"
              >
                close
              </i>
            </div>
          </div>
        </div>
        <div
          class="Modal-body Modal-body--stickFooter"
          data-test="DesignSystem-ModalBody"
        >
          <div
            class="Modal-description"
            data-test="DesignSystem-ModalDescription"
          >
            <span
              class="Text Text--default Text--strong Text--regular"
              data-test="DesignSystem-ModalDescription--Title"
            >
              Sample String
            </span>
            <br />
            <span
              class="Text Text--default Text--regular"
              data-test="DesignSystem-ModalDescription--Description"
            >
              Sample String
            </span>
          </div>
        </div>
        <div
          class="Modal-footer Modal-footer--inModal Modal-footer--stickToBottom"
          data-test="DesignSystem-ModalFooter"
        >
          <button
            class="Button Button--regular Button--basic Button--iconAlign-left"
            data-test="DesignSystem-Dialog--SecondaryButton"
            tabindex="0"
          >
            Sample String
          </button>
          <button
            class="Button Button--regular Button--primary Button--iconAlign-left ml-4"
            data-test="DesignSystem-Dialog--PrimaryButton"
            tabindex="0"
          >
            Sample String
          </button>
        </div>
      </div>
    </div>
  </div>
  <div />
  <div
    class="Backdrop Backdrop--open Backdrop-animation--open"
    data-layer="true"
    data-test="DesignSystem-Backdrop"
  />
</body>
`;

exports[`Dialog component 
  open: true, icon: "Sample String", title: "Sample String", heading: "Sample String", onClose: "[Function]", description: "Sample String", primaryButtonLabel: "Sample String", secondaryButtonLabel: "Sample String", dimension: "small"
 1`] = `
<body
  style="overflow: hidden;"
>
  <div
    class="Overlay-wrapper"
  >
    <div
      class="Row Row Modal-container Modal-container--open"
      data-layer="true"
      data-test="DesignSystem-ModalContainer"
    >
      <div
        class="Col Col--3 Col--xs-10 Col--m-4 Col--l-4 Modal Modal--open Modal-animation--open"
        data-test="DesignSystem-Dialog"
      >
        <div
          class="Modal-header"
          data-test="DesignSystem-ModalHeader"
        >
          <div
            class="Modal-headerWrapper"
          >
            <div
              class="Modal-headerHeading"
            >
              <h4
                class="Heading Heading--m Heading--default"
                data-test="DesignSystem-Heading"
              >
                Sample String
              </h4>
              <i
                class="material-icons Icon Icon--default mx-2 cursor-pointer"
                data-test="DesignSystem-ModalHeader--CloseIcon"
                style="font-size: 20px; width: 20px;"
              >
                close
              </i>
            </div>
          </div>
        </div>
        <div
          class="Modal-body Modal-body--stickFooter"
          data-test="DesignSystem-ModalBody"
        >
          <div
            class="Modal-description"
            data-test="DesignSystem-ModalDescription"
          >
            <span
              class="Text Text--default Text--strong Text--regular"
              data-test="DesignSystem-ModalDescription--Title"
            >
              Sample String
            </span>
            <br />
            <span
              class="Text Text--default Text--regular"
              data-test="DesignSystem-ModalDescription--Description"
            >
              Sample String
            </span>
          </div>
        </div>
        <div
          class="Modal-footer Modal-footer--inModal Modal-footer--stickToBottom"
          data-test="DesignSystem-ModalFooter"
        >
          <button
            class="Button Button--regular Button--basic Button--iconAlign-left"
            data-test="DesignSystem-Dialog--SecondaryButton"
            tabindex="0"
          >
            Sample String
          </button>
          <button
            class="Button Button--regular Button--primary Button--iconAlign-left ml-4"
            data-test="DesignSystem-Dialog--PrimaryButton"
            tabindex="0"
          >
            Sample String
          </button>
        </div>
      </div>
    </div>
  </div>
  <div />
  <div
    class="Backdrop Backdrop--open Backdrop-animation--open"
    data-layer="true"
    data-test="DesignSystem-Backdrop"
  />
</body>
`;

exports[`Dialog component 
  open: true, icon: "Sample String", title: "Sample String", heading: "Sample String", onClose: "[Function]", description: "Sample String", primaryButtonLabel: "Sample String", secondaryButtonLabel: "Sample String", secondaryButtonCallback: "[Function]", secondaryButtonAppearance: "alert"
 1`] = `
<body
  style="overflow: hidden;"
>
  <div
    class="Overlay-wrapper"
  >
    <div
      class="Row Row Modal-container Modal-container--open"
      data-layer="true"
      data-test="DesignSystem-ModalContainer"
    >
      <div
        class="Col Col--3 Col--xs-10 Col--m-4 Col--l-4 Modal Modal--open Modal-animation--open"
        data-test="DesignSystem-Dialog"
      >
        <div
          class="Modal-header"
          data-test="DesignSystem-ModalHeader"
        >
          <div
            class="Modal-headerWrapper"
          >
            <div
              class="Modal-headerHeading"
            >
              <h4
                class="Heading Heading--m Heading--default"
                data-test="DesignSystem-Heading"
              >
                Sample String
              </h4>
              <i
                class="material-icons Icon Icon--default mx-2 cursor-pointer"
                data-test="DesignSystem-ModalHeader--CloseIcon"
                style="font-size: 20px; width: 20px;"
              >
                close
              </i>
            </div>
          </div>
        </div>
        <div
          class="Modal-body Modal-body--stickFooter"
          data-test="DesignSystem-ModalBody"
        >
          <div
            class="Modal-description"
            data-test="DesignSystem-ModalDescription"
          >
            <span
              class="Text Text--default Text--strong Text--regular"
              data-test="DesignSystem-ModalDescription--Title"
            >
              Sample String
            </span>
            <br />
            <span
              class="Text Text--default Text--regular"
              data-test="DesignSystem-ModalDescription--Description"
            >
              Sample String
            </span>
          </div>
        </div>
        <div
          class="Modal-footer Modal-footer--inModal Modal-footer--stickToBottom"
          data-test="DesignSystem-ModalFooter"
        >
          <button
            class="Button Button--regular Button--alert Button--iconAlign-left"
            data-test="DesignSystem-Dialog--SecondaryButton"
            tabindex="0"
          >
            Sample String
          </button>
          <button
            class="Button Button--regular Button--primary Button--iconAlign-left ml-4"
            data-test="DesignSystem-Dialog--PrimaryButton"
            tabindex="0"
          >
            Sample String
          </button>
        </div>
      </div>
    </div>
  </div>
  <div />
  <div
    class="Backdrop Backdrop--open Backdrop-animation--open"
    data-layer="true"
    data-test="DesignSystem-Backdrop"
  />
</body>
`;

exports[`Dialog component 
  open: true, icon: "Sample String", title: "Sample String", heading: "Sample String", onClose: "[Function]", description: "Sample String", primaryButtonLabel: "Sample String", secondaryButtonLabel: "Sample String", secondaryButtonCallback: "[Function]", secondaryButtonAppearance: "basic"
 1`] = `
<body
  style="overflow: hidden;"
>
  <div
    class="Overlay-wrapper"
  >
    <div
      class="Row Row Modal-container Modal-container--open"
      data-layer="true"
      data-test="DesignSystem-ModalContainer"
    >
      <div
        class="Col Col--3 Col--xs-10 Col--m-4 Col--l-4 Modal Modal--open Modal-animation--open"
        data-test="DesignSystem-Dialog"
      >
        <div
          class="Modal-header"
          data-test="DesignSystem-ModalHeader"
        >
          <div
            class="Modal-headerWrapper"
          >
            <div
              class="Modal-headerHeading"
            >
              <h4
                class="Heading Heading--m Heading--default"
                data-test="DesignSystem-Heading"
              >
                Sample String
              </h4>
              <i
                class="material-icons Icon Icon--default mx-2 cursor-pointer"
                data-test="DesignSystem-ModalHeader--CloseIcon"
                style="font-size: 20px; width: 20px;"
              >
                close
              </i>
            </div>
          </div>
        </div>
        <div
          class="Modal-body Modal-body--stickFooter"
          data-test="DesignSystem-ModalBody"
        >
          <div
            class="Modal-description"
            data-test="DesignSystem-ModalDescription"
          >
            <span
              class="Text Text--default Text--strong Text--regular"
              data-test="DesignSystem-ModalDescription--Title"
            >
              Sample String
            </span>
            <br />
            <span
              class="Text Text--default Text--regular"
              data-test="DesignSystem-ModalDescription--Description"
            >
              Sample String
            </span>
          </div>
        </div>
        <div
          class="Modal-footer Modal-footer--inModal Modal-footer--stickToBottom"
          data-test="DesignSystem-ModalFooter"
        >
          <button
            class="Button Button--regular Button--basic Button--iconAlign-left"
            data-test="DesignSystem-Dialog--SecondaryButton"
            tabindex="0"
          >
            Sample String
          </button>
          <button
            class="Button Button--regular Button--primary Button--iconAlign-left ml-4"
            data-test="DesignSystem-Dialog--PrimaryButton"
            tabindex="0"
          >
            Sample String
          </button>
        </div>
      </div>
    </div>
  </div>
  <div />
  <div
    class="Backdrop Backdrop--open Backdrop-animation--open"
    data-layer="true"
    data-test="DesignSystem-Backdrop"
  />
</body>
`;

exports[`Dialog component 
  open: true, icon: "Sample String", title: "Sample String", heading: "Sample String", onClose: "[Function]", description: "Sample String", primaryButtonLabel: "Sample String", secondaryButtonLabel: "Sample String", secondaryButtonCallback: "[Function]", secondaryButtonAppearance: "primary"
 1`] = `
<body
  style="overflow: hidden;"
>
  <div
    class="Overlay-wrapper"
  >
    <div
      class="Row Row Modal-container Modal-container--open"
      data-layer="true"
      data-test="DesignSystem-ModalContainer"
    >
      <div
        class="Col Col--3 Col--xs-10 Col--m-4 Col--l-4 Modal Modal--open Modal-animation--open"
        data-test="DesignSystem-Dialog"
      >
        <div
          class="Modal-header"
          data-test="DesignSystem-ModalHeader"
        >
          <div
            class="Modal-headerWrapper"
          >
            <div
              class="Modal-headerHeading"
            >
              <h4
                class="Heading Heading--m Heading--default"
                data-test="DesignSystem-Heading"
              >
                Sample String
              </h4>
              <i
                class="material-icons Icon Icon--default mx-2 cursor-pointer"
                data-test="DesignSystem-ModalHeader--CloseIcon"
                style="font-size: 20px; width: 20px;"
              >
                close
              </i>
            </div>
          </div>
        </div>
        <div
          class="Modal-body Modal-body--stickFooter"
          data-test="DesignSystem-ModalBody"
        >
          <div
            class="Modal-description"
            data-test="DesignSystem-ModalDescription"
          >
            <span
              class="Text Text--default Text--strong Text--regular"
              data-test="DesignSystem-ModalDescription--Title"
            >
              Sample String
            </span>
            <br />
            <span
              class="Text Text--default Text--regular"
              data-test="DesignSystem-ModalDescription--Description"
            >
              Sample String
            </span>
          </div>
        </div>
        <div
          class="Modal-footer Modal-footer--inModal Modal-footer--stickToBottom"
          data-test="DesignSystem-ModalFooter"
        >
          <button
            class="Button Button--regular Button--primary Button--iconAlign-left"
            data-test="DesignSystem-Dialog--SecondaryButton"
            tabindex="0"
          >
            Sample String
          </button>
          <button
            class="Button Button--regular Button--primary Button--iconAlign-left ml-4"
            data-test="DesignSystem-Dialog--PrimaryButton"
            tabindex="0"
          >
            Sample String
          </button>
        </div>
      </div>
    </div>
  </div>
  <div />
  <div
    class="Backdrop Backdrop--open Backdrop-animation--open"
    data-layer="true"
    data-test="DesignSystem-Backdrop"
  />
</body>
`;

exports[`Dialog component 
  open: true, icon: "Sample String", title: "Sample String", heading: "Sample String", onClose: "[Function]", description: "Sample String", primaryButtonLabel: "Sample String", secondaryButtonLabel: "Sample String", secondaryButtonCallback: "[Function]", secondaryButtonAppearance: "success"
 1`] = `
<body
  style="overflow: hidden;"
>
  <div
    class="Overlay-wrapper"
  >
    <div
      class="Row Row Modal-container Modal-container--open"
      data-layer="true"
      data-test="DesignSystem-ModalContainer"
    >
      <div
        class="Col Col--3 Col--xs-10 Col--m-4 Col--l-4 Modal Modal--open Modal-animation--open"
        data-test="DesignSystem-Dialog"
      >
        <div
          class="Modal-header"
          data-test="DesignSystem-ModalHeader"
        >
          <div
            class="Modal-headerWrapper"
          >
            <div
              class="Modal-headerHeading"
            >
              <h4
                class="Heading Heading--m Heading--default"
                data-test="DesignSystem-Heading"
              >
                Sample String
              </h4>
              <i
                class="material-icons Icon Icon--default mx-2 cursor-pointer"
                data-test="DesignSystem-ModalHeader--CloseIcon"
                style="font-size: 20px; width: 20px;"
              >
                close
              </i>
            </div>
          </div>
        </div>
        <div
          class="Modal-body Modal-body--stickFooter"
          data-test="DesignSystem-ModalBody"
        >
          <div
            class="Modal-description"
            data-test="DesignSystem-ModalDescription"
          >
            <span
              class="Text Text--default Text--strong Text--regular"
              data-test="DesignSystem-ModalDescription--Title"
            >
              Sample String
            </span>
            <br />
            <span
              class="Text Text--default Text--regular"
              data-test="DesignSystem-ModalDescription--Description"
            >
              Sample String
            </span>
          </div>
        </div>
        <div
          class="Modal-footer Modal-footer--inModal Modal-footer--stickToBottom"
          data-test="DesignSystem-ModalFooter"
        >
          <button
            class="Button Button--regular Button--success Button--iconAlign-left"
            data-test="DesignSystem-Dialog--SecondaryButton"
            tabindex="0"
          >
            Sample String
          </button>
          <button
            class="Button Button--regular Button--primary Button--iconAlign-left ml-4"
            data-test="DesignSystem-Dialog--PrimaryButton"
            tabindex="0"
          >
            Sample String
          </button>
        </div>
      </div>
    </div>
  </div>
  <div />
  <div
    class="Backdrop Backdrop--open Backdrop-animation--open"
    data-layer="true"
    data-test="DesignSystem-Backdrop"
  />
</body>
`;

exports[`Dialog component 
  open: true, icon: "Sample String", title: "Sample String", heading: "Sample String", onClose: "[Function]", description: "Sample String", primaryButtonLabel: "Sample String", secondaryButtonLabel: "Sample String", secondaryButtonCallback: "[Function]", secondaryButtonAppearance: "transparent"
 1`] = `
<body
  style="overflow: hidden;"
>
  <div
    class="Overlay-wrapper"
  >
    <div
      class="Row Row Modal-container Modal-container--open"
      data-layer="true"
      data-test="DesignSystem-ModalContainer"
    >
      <div
        class="Col Col--3 Col--xs-10 Col--m-4 Col--l-4 Modal Modal--open Modal-animation--open"
        data-test="DesignSystem-Dialog"
      >
        <div
          class="Modal-header"
          data-test="DesignSystem-ModalHeader"
        >
          <div
            class="Modal-headerWrapper"
          >
            <div
              class="Modal-headerHeading"
            >
              <h4
                class="Heading Heading--m Heading--default"
                data-test="DesignSystem-Heading"
              >
                Sample String
              </h4>
              <i
                class="material-icons Icon Icon--default mx-2 cursor-pointer"
                data-test="DesignSystem-ModalHeader--CloseIcon"
                style="font-size: 20px; width: 20px;"
              >
                close
              </i>
            </div>
          </div>
        </div>
        <div
          class="Modal-body Modal-body--stickFooter"
          data-test="DesignSystem-ModalBody"
        >
          <div
            class="Modal-description"
            data-test="DesignSystem-ModalDescription"
          >
            <span
              class="Text Text--default Text--strong Text--regular"
              data-test="DesignSystem-ModalDescription--Title"
            >
              Sample String
            </span>
            <br />
            <span
              class="Text Text--default Text--regular"
              data-test="DesignSystem-ModalDescription--Description"
            >
              Sample String
            </span>
          </div>
        </div>
        <div
          class="Modal-footer Modal-footer--inModal Modal-footer--stickToBottom"
          data-test="DesignSystem-ModalFooter"
        >
          <button
            class="Button Button--regular Button--transparent Button--iconAlign-left"
            data-test="DesignSystem-Dialog--SecondaryButton"
            tabindex="0"
          >
            Sample String
          </button>
          <button
            class="Button Button--regular Button--primary Button--iconAlign-left ml-4"
            data-test="DesignSystem-Dialog--PrimaryButton"
            tabindex="0"
          >
            Sample String
          </button>
        </div>
      </div>
    </div>
  </div>
  <div />
  <div
    class="Backdrop Backdrop--open Backdrop-animation--open"
    data-layer="true"
    data-test="DesignSystem-Backdrop"
  />
</body>
`;
