// Jest Snapshot v1, https://goo.gl/fbAQLP

exports[`Input Mask component 
  mask: [{},{},{},{}," ",{},{},{},{}," ",{},{},{},{}," ",{},{},{},{}], caption: "card", placeholderChar: [null,"*"], onChange: [null,"[Function]"], onBlur: [null,"[Function]"], onClear: [null,"[Function]"]
 1`] = `
<body>
  <div>
    <div
      class="d-flex flex-column flex-grow-1"
      data-test="DesignSystem-InputMask--Wrapper"
    >
      <div
        class="Input Input--regular"
        data-test="DesignSystem-InputWrapper"
        role="presentation"
        style="min-width: 256px;"
      >
        <input
          autocomplete="off"
          class="Input-input Input-input--regular"
          data-test="DesignSystem-Input"
          type="text"
          value=""
        />
      </div>
    </div>
  </div>
</body>
`;
