// Jest Snapshot v1, https://goo.gl/fbAQLP

exports[`ProgressBar component 
  value: 10
 1`] = `
<body>
  <div>
    <div
      class="ProgressBar"
      data-test="DesignSystem-ProgressBar"
    >
      <div
        class="ProgressBar-indicator"
        style="width: 10%;"
      />
    </div>
  </div>
</body>
`;
