// Jest Snapshot v1, https://goo.gl/fbAQLP

exports[`Tooltip component 
  position: "bottom", tooltip: "Sample string"
 1`] = `
<PopperWrapper
  appendToBody={true}
  offset="Medium"
  on="hover"
  onToggle={[Function]}
  open={false}
  placement="bottom"
  style={Object {}}
  trigger={
    <Button>
      Button
    </Button>
  }
>
  <div
    className="Tooltip"
    style={Object {}}
  >
    Sample string
  </div>
</PopperWrapper>
`;

exports[`Tooltip component 
  position: "left", tooltip: "Sample string"
 1`] = `
<PopperWrapper
  appendToBody={true}
  offset="Medium"
  on="hover"
  onToggle={[Function]}
  open={false}
  placement="left"
  style={Object {}}
  trigger={
    <Button>
      Button
    </Button>
  }
>
  <div
    className="Tooltip"
    style={Object {}}
  >
    Sample string
  </div>
</PopperWrapper>
`;

exports[`Tooltip component 
  position: "right", tooltip: "Sample string"
 1`] = `
<PopperWrapper
  appendToBody={true}
  offset="Medium"
  on="hover"
  onToggle={[Function]}
  open={false}
  placement="right"
  style={Object {}}
  trigger={
    <Button>
      Button
    </Button>
  }
>
  <div
    className="Tooltip"
    style={Object {}}
  >
    Sample string
  </div>
</PopperWrapper>
`;

exports[`Tooltip component 
  position: "top", tooltip: "Sample string"
 1`] = `
<PopperWrapper
  appendToBody={true}
  offset="Medium"
  on="hover"
  onToggle={[Function]}
  open={false}
  placement="top"
  style={Object {}}
  trigger={
    <Button>
      Button
    </Button>
  }
>
  <div
    className="Tooltip"
    style={Object {}}
  >
    Sample string
  </div>
</PopperWrapper>
`;
