// Jest Snapshot v1, https://goo.gl/fbAQLP

exports[`Tabs component 
  activeIndex: 0, onTabChange: "[Function]", withSeparator: false, size: "regular"
 1`] = `
<DocumentFragment>
  <div
    class="TabsWrapper"
    data-test="DesignSystem-Tabs"
  >
    <div
      class="TabsWrapper-header"
      data-test="DesignSystem-Tabs--Header"
    >
      <div
        class="Tab Tab--active Tab-selected align-items-center"
        data-test="DesignSystem-Tabs--Tab"
        tabindex="0"
      >
        <span
          class="Tab--regular Tab--overflow"
          data-test="DesignSystem-Tabs--TextWrapper"
          style="max-width: var(--spacing-9);"
        >
          <span
            class="Pills Badge--primary Tab-pills"
            data-test="DesignSystem-Tabs--Pills"
          >
            10
          </span>
          <span
            class="Text Text--link Text--regular ellipsis--noWrap Tab-selected"
            data-test="DesignSystem-Tabs--Text"
          >
            Tab 1
          </span>
          <i
            class="material-symbols material-symbols-rounded Icon Icon--info DismissibleTab-icon--right DismissibleTab-icon--selected cursor-pointer Tab-selected"
            data-test="DesignSystem-DismissibleTabs--Icon"
            role="button"
            style="font-size: 16px; width: 16px;"
            tabindex="0"
          >
            clear
          </i>
        </span>
      </div>
      <div
        class="Tab align-items-center"
        data-test="DesignSystem-Tabs--Tab"
        tabindex="0"
      >
        <span
          class="Tab--regular Tab--overflow"
          data-test="DesignSystem-Tabs--TextWrapper"
          style="max-width: var(--spacing-9);"
        >
          <i
            class="material-symbols material-symbols-rounded Icon Icon--subtle mr-4 "
            data-test="DesignSystem-Tabs--Icon"
            role="button"
            style="font-size: 16px; width: 16px;"
          >
            call_received
          </i>
          <span
            class="Text Text--subtle Text--regular ellipsis--noWrap"
            data-test="DesignSystem-Tabs--Text"
          >
            Tab 2
          </span>
        </span>
      </div>
      <div
        class="Tab Tab--disabled align-items-center"
        data-test="DesignSystem-Tabs--Tab"
        tabindex="-1"
      >
        <span
          class="Tab--regular Tab--overflow"
          data-test="DesignSystem-Tabs--TextWrapper"
          style="max-width: var(--spacing-9);"
        >
          <span
            class="Pills Badge--secondary Tab-pills Tab-pills--disabled"
            data-test="DesignSystem-Tabs--Pills"
          >
            10
          </span>
          <span
            class="Text Text--disabled Text--regular ellipsis--noWrap"
            data-test="DesignSystem-Tabs--Text"
          >
            Tab 3
          </span>
        </span>
      </div>
    </div>
  </div>
</DocumentFragment>
`;

exports[`Tabs component 
  activeIndex: 0, onTabChange: "[Function]", withSeparator: false, size: "small"
 1`] = `
<DocumentFragment>
  <div
    class="TabsWrapper"
    data-test="DesignSystem-Tabs"
  >
    <div
      class="TabsWrapper-header"
      data-test="DesignSystem-Tabs--Header"
    >
      <div
        class="Tab Tab--active Tab-selected align-items-center"
        data-test="DesignSystem-Tabs--Tab"
        tabindex="0"
      >
        <span
          class="Tab--small Tab--overflow"
          data-test="DesignSystem-Tabs--TextWrapper"
          style="max-width: var(--spacing-9);"
        >
          <span
            class="Pills Badge--primary Tab-pills"
            data-test="DesignSystem-Tabs--Pills"
          >
            10
          </span>
          <span
            class="Text Text--link Text--regular ellipsis--noWrap Tab-selected"
            data-test="DesignSystem-Tabs--Text"
          >
            Tab 1
          </span>
          <i
            class="material-symbols material-symbols-rounded Icon Icon--info DismissibleTab-icon--right DismissibleTab-icon--selected cursor-pointer Tab-selected"
            data-test="DesignSystem-DismissibleTabs--Icon"
            role="button"
            style="font-size: 16px; width: 16px;"
            tabindex="0"
          >
            clear
          </i>
        </span>
      </div>
      <div
        class="Tab align-items-center"
        data-test="DesignSystem-Tabs--Tab"
        tabindex="0"
      >
        <span
          class="Tab--small Tab--overflow"
          data-test="DesignSystem-Tabs--TextWrapper"
          style="max-width: var(--spacing-9);"
        >
          <i
            class="material-symbols material-symbols-rounded Icon Icon--subtle mr-4 "
            data-test="DesignSystem-Tabs--Icon"
            role="button"
            style="font-size: 16px; width: 16px;"
          >
            call_received
          </i>
          <span
            class="Text Text--subtle Text--regular ellipsis--noWrap"
            data-test="DesignSystem-Tabs--Text"
          >
            Tab 2
          </span>
        </span>
      </div>
      <div
        class="Tab Tab--disabled align-items-center"
        data-test="DesignSystem-Tabs--Tab"
        tabindex="-1"
      >
        <span
          class="Tab--small Tab--overflow"
          data-test="DesignSystem-Tabs--TextWrapper"
          style="max-width: var(--spacing-9);"
        >
          <span
            class="Pills Badge--secondary Tab-pills Tab-pills--disabled"
            data-test="DesignSystem-Tabs--Pills"
          >
            10
          </span>
          <span
            class="Text Text--disabled Text--regular ellipsis--noWrap"
            data-test="DesignSystem-Tabs--Text"
          >
            Tab 3
          </span>
        </span>
      </div>
    </div>
  </div>
</DocumentFragment>
`;

exports[`Tabs component 
  activeIndex: 0, onTabChange: "[Function]", withSeparator: true, size: "regular"
 1`] = `
<DocumentFragment>
  <div
    class="TabsWrapper"
    data-test="DesignSystem-Tabs"
  >
    <div
      class="TabsWrapper-header TabsWrapper-header--withSeparator"
      data-test="DesignSystem-Tabs--Header"
    >
      <div
        class="Tab Tab--active Tab-selected align-items-center"
        data-test="DesignSystem-Tabs--Tab"
        tabindex="0"
      >
        <span
          class="Tab--regular Tab--overflow"
          data-test="DesignSystem-Tabs--TextWrapper"
          style="max-width: var(--spacing-9);"
        >
          <span
            class="Pills Badge--primary Tab-pills"
            data-test="DesignSystem-Tabs--Pills"
          >
            10
          </span>
          <span
            class="Text Text--link Text--regular ellipsis--noWrap Tab-selected"
            data-test="DesignSystem-Tabs--Text"
          >
            Tab 1
          </span>
          <i
            class="material-symbols material-symbols-rounded Icon Icon--info DismissibleTab-icon--right DismissibleTab-icon--selected cursor-pointer Tab-selected"
            data-test="DesignSystem-DismissibleTabs--Icon"
            role="button"
            style="font-size: 16px; width: 16px;"
            tabindex="0"
          >
            clear
          </i>
        </span>
      </div>
      <div
        class="Tab align-items-center"
        data-test="DesignSystem-Tabs--Tab"
        tabindex="0"
      >
        <span
          class="Tab--regular Tab--overflow"
          data-test="DesignSystem-Tabs--TextWrapper"
          style="max-width: var(--spacing-9);"
        >
          <i
            class="material-symbols material-symbols-rounded Icon Icon--subtle mr-4 "
            data-test="DesignSystem-Tabs--Icon"
            role="button"
            style="font-size: 16px; width: 16px;"
          >
            call_received
          </i>
          <span
            class="Text Text--subtle Text--regular ellipsis--noWrap"
            data-test="DesignSystem-Tabs--Text"
          >
            Tab 2
          </span>
        </span>
      </div>
      <div
        class="Tab Tab--disabled align-items-center"
        data-test="DesignSystem-Tabs--Tab"
        tabindex="-1"
      >
        <span
          class="Tab--regular Tab--overflow"
          data-test="DesignSystem-Tabs--TextWrapper"
          style="max-width: var(--spacing-9);"
        >
          <span
            class="Pills Badge--secondary Tab-pills Tab-pills--disabled"
            data-test="DesignSystem-Tabs--Pills"
          >
            10
          </span>
          <span
            class="Text Text--disabled Text--regular ellipsis--noWrap"
            data-test="DesignSystem-Tabs--Text"
          >
            Tab 3
          </span>
        </span>
      </div>
    </div>
  </div>
</DocumentFragment>
`;

exports[`Tabs component 
  activeIndex: 0, onTabChange: "[Function]", withSeparator: true, size: "small"
 1`] = `
<DocumentFragment>
  <div
    class="TabsWrapper"
    data-test="DesignSystem-Tabs"
  >
    <div
      class="TabsWrapper-header TabsWrapper-header--withSeparator"
      data-test="DesignSystem-Tabs--Header"
    >
      <div
        class="Tab Tab--active Tab-selected align-items-center"
        data-test="DesignSystem-Tabs--Tab"
        tabindex="0"
      >
        <span
          class="Tab--small Tab--overflow"
          data-test="DesignSystem-Tabs--TextWrapper"
          style="max-width: var(--spacing-9);"
        >
          <span
            class="Pills Badge--primary Tab-pills"
            data-test="DesignSystem-Tabs--Pills"
          >
            10
          </span>
          <span
            class="Text Text--link Text--regular ellipsis--noWrap Tab-selected"
            data-test="DesignSystem-Tabs--Text"
          >
            Tab 1
          </span>
          <i
            class="material-symbols material-symbols-rounded Icon Icon--info DismissibleTab-icon--right DismissibleTab-icon--selected cursor-pointer Tab-selected"
            data-test="DesignSystem-DismissibleTabs--Icon"
            role="button"
            style="font-size: 16px; width: 16px;"
            tabindex="0"
          >
            clear
          </i>
        </span>
      </div>
      <div
        class="Tab align-items-center"
        data-test="DesignSystem-Tabs--Tab"
        tabindex="0"
      >
        <span
          class="Tab--small Tab--overflow"
          data-test="DesignSystem-Tabs--TextWrapper"
          style="max-width: var(--spacing-9);"
        >
          <i
            class="material-symbols material-symbols-rounded Icon Icon--subtle mr-4 "
            data-test="DesignSystem-Tabs--Icon"
            role="button"
            style="font-size: 16px; width: 16px;"
          >
            call_received
          </i>
          <span
            class="Text Text--subtle Text--regular ellipsis--noWrap"
            data-test="DesignSystem-Tabs--Text"
          >
            Tab 2
          </span>
        </span>
      </div>
      <div
        class="Tab Tab--disabled align-items-center"
        data-test="DesignSystem-Tabs--Tab"
        tabindex="-1"
      >
        <span
          class="Tab--small Tab--overflow"
          data-test="DesignSystem-Tabs--TextWrapper"
          style="max-width: var(--spacing-9);"
        >
          <span
            class="Pills Badge--secondary Tab-pills Tab-pills--disabled"
            data-test="DesignSystem-Tabs--Pills"
          >
            10
          </span>
          <span
            class="Text Text--disabled Text--regular ellipsis--noWrap"
            data-test="DesignSystem-Tabs--Text"
          >
            Tab 3
          </span>
        </span>
      </div>
    </div>
  </div>
</DocumentFragment>
`;
