// Jest Snapshot v1, https://goo.gl/fbAQLP

exports[`Dropzone component snapshot 
  formatLabel: "Accepted formats: PDF, JPG", sizeLabel: "Maximum size: 30 MB", disabled: false, type: "compressed"
 1`] = `
<DocumentFragment>
  <div
    class="Dropzone Dropzone--compressed Dropzone-animation Dropzone-animation--default"
    data-test="DesignSystem-Dropzone"
  >
    <svg
      class="Dropzone-icon--compressed"
      fill="none"
      viewBox="0 0 64 64"
      xmlns="http://www.w3.org/2000/svg"
    >
      <path
        class="Dropzone-icon--default"
        d="M14.6667 53.3334C13.6 53.3334 12.6667 52.9334 11.8667 52.1334C11.0667 51.3334 10.6667 50.4 10.6667 49.3334V39.8H14.6667V49.3334H49.3333V39.8H53.3333V49.3334C53.3333 50.4 52.9333 51.3334 52.1333 52.1334C51.3333 52.9334 50.4 53.3334 49.3333 53.3334H14.6667ZM32 43.1334L19.1333 30.2667L22 27.4L30 35.4V10.6667H34V35.4L42 27.4L44.8667 30.2667L32 43.1334Z"
      />
    </svg>
    <div
      class="DropzoneWrapper DropzoneWrapper--compressed"
      data-test="DesignSystem-Dropzone-Wrapper"
    >
      <span>
        <span
          class="Text Text--default Text--strong Text--large mr-2"
          data-test="DesignSystem-Text"
        >
          Drag your files here or
        </span>
        <span
          aria-label="Drag your files here or click to select files"
          class="Text Text--link Text--strong Text--large ml-2 cursor-pointer"
          data-test="DesignSystem-Text"
          role="button"
          tabindex="0"
        >
          browse files
        </span>
        <input
          autocomplete="off"
          multiple=""
          style="display: none;"
          tabindex="-1"
          type="file"
        />
      </span>
      <span
        class="Text Text--subtle Text--regular"
        data-test="DesignSystem-Text"
      >
        Accepted formats: PDF, JPG
      </span>
      <span
        class="Text Text--subtle Text--regular"
        data-test="DesignSystem-Text"
      >
        Maximum size: 30 MB
      </span>
    </div>
  </div>
</DocumentFragment>
`;

exports[`Dropzone component snapshot 
  formatLabel: "Accepted formats: PDF, JPG", sizeLabel: "Maximum size: 30 MB", disabled: false, type: "standard"
 1`] = `
<DocumentFragment>
  <div
    class="Dropzone Dropzone--standard Dropzone-animation Dropzone-standard--default"
    data-test="DesignSystem-Dropzone"
  >
    <svg
      class="Dropzone-icon--standard"
      fill="none"
      viewBox="0 0 64 64"
      xmlns="http://www.w3.org/2000/svg"
    >
      <path
        class="Dropzone-icon--default"
        d="M14.6667 53.3334C13.6 53.3334 12.6667 52.9334 11.8667 52.1334C11.0667 51.3334 10.6667 50.4 10.6667 49.3334V39.8H14.6667V49.3334H49.3333V39.8H53.3333V49.3334C53.3333 50.4 52.9333 51.3334 52.1333 52.1334C51.3333 52.9334 50.4 53.3334 49.3333 53.3334H14.6667ZM32 43.1334L19.1333 30.2667L22 27.4L30 35.4V10.6667H34V35.4L42 27.4L44.8667 30.2667L32 43.1334Z"
      />
    </svg>
    <div
      class="DropzoneWrapper DropzoneWrapper--standard"
      data-test="DesignSystem-Dropzone-Wrapper"
    >
      <span>
        <span
          class="Text Text--default Text--strong Text--large mr-2"
          data-test="DesignSystem-Text"
        >
          Drag your files here or
        </span>
        <span
          aria-label="Drag your files here or click to select files"
          class="Text Text--link Text--strong Text--large ml-2 cursor-pointer"
          data-test="DesignSystem-Text"
          role="button"
          tabindex="0"
        >
          browse files
        </span>
        <input
          autocomplete="off"
          multiple=""
          style="display: none;"
          tabindex="-1"
          type="file"
        />
      </span>
      <span
        class="Text Text--subtle Text--regular"
        data-test="DesignSystem-Text"
      >
        Accepted formats: PDF, JPG
      </span>
      <span
        class="Text Text--subtle Text--regular"
        data-test="DesignSystem-Text"
      >
        Maximum size: 30 MB
      </span>
    </div>
  </div>
</DocumentFragment>
`;

exports[`Dropzone component snapshot 
  formatLabel: "Accepted formats: PDF, JPG", sizeLabel: "Maximum size: 30 MB", disabled: false, type: "tight"
 1`] = `
<DocumentFragment>
  <div
    class="Dropzone Dropzone--tight Dropzone-animation Dropzone-animation--default"
    data-test="DesignSystem-Dropzone"
  >
    <div
      class="DropzoneWrapper DropzoneWrapper--tight"
      data-test="DesignSystem-Dropzone-Wrapper"
    >
      <span>
        <span
          class="Text Text--default Text--strong Text--large mr-2"
          data-test="DesignSystem-Text"
        >
          Drag your files here or
        </span>
        <span
          aria-label="Drag your files here or click to select files"
          class="Text Text--link Text--strong Text--large ml-2 cursor-pointer"
          data-test="DesignSystem-Text"
          role="button"
          tabindex="0"
        >
          browse files
        </span>
        <input
          autocomplete="off"
          multiple=""
          style="display: none;"
          tabindex="-1"
          type="file"
        />
      </span>
      <span
        class="Text Text--subtle Text--regular"
        data-test="DesignSystem-Text"
      >
        Accepted formats: PDF, JPG
      </span>
      <span
        class="Text Text--subtle Text--regular"
        data-test="DesignSystem-Text"
      >
        Maximum size: 30 MB
      </span>
    </div>
  </div>
</DocumentFragment>
`;

exports[`Dropzone component snapshot 
  formatLabel: "Accepted formats: PDF, JPG", sizeLabel: "Maximum size: 30 MB", disabled: true, type: "compressed"
 1`] = `
<DocumentFragment>
  <div
    class="Dropzone Dropzone--compressed Dropzone--disabled Dropzone-animation Dropzone-animation--default"
    data-test="DesignSystem-Dropzone"
  >
    <svg
      class="Dropzone-icon--compressed"
      fill="none"
      viewBox="0 0 64 64"
      xmlns="http://www.w3.org/2000/svg"
    >
      <path
        class="Dropzone-icon--disabled"
        d="M14.6667 53.3334C13.6 53.3334 12.6667 52.9334 11.8667 52.1334C11.0667 51.3334 10.6667 50.4 10.6667 49.3334V39.8H14.6667V49.3334H49.3333V39.8H53.3333V49.3334C53.3333 50.4 52.9333 51.3334 52.1333 52.1334C51.3333 52.9334 50.4 53.3334 49.3333 53.3334H14.6667ZM32 43.1334L19.1333 30.2667L22 27.4L30 35.4V10.6667H34V35.4L42 27.4L44.8667 30.2667L32 43.1334Z"
      />
    </svg>
    <div
      class="DropzoneWrapper DropzoneWrapper--compressed"
      data-test="DesignSystem-Dropzone-Wrapper"
    >
      <span>
        <span
          class="Text Text--disabled Text--strong Text--large mr-2"
          data-test="DesignSystem-Text"
        >
          Drag your files here or
        </span>
        <span
          aria-label="Drag your files here or click to select files"
          class="Text Text--disabled Text--strong Text--large ml-2 cursor-pointer"
          data-test="DesignSystem-Text"
          role="button"
          tabindex="-1"
        >
          browse files
        </span>
        <input
          autocomplete="off"
          multiple=""
          style="display: none;"
          tabindex="-1"
          type="file"
        />
      </span>
      <span
        class="Text Text--disabled Text--regular"
        data-test="DesignSystem-Text"
      >
        Accepted formats: PDF, JPG
      </span>
      <span
        class="Text Text--disabled Text--regular"
        data-test="DesignSystem-Text"
      >
        Maximum size: 30 MB
      </span>
    </div>
  </div>
</DocumentFragment>
`;

exports[`Dropzone component snapshot 
  formatLabel: "Accepted formats: PDF, JPG", sizeLabel: "Maximum size: 30 MB", disabled: true, type: "standard"
 1`] = `
<DocumentFragment>
  <div
    class="Dropzone Dropzone--standard Dropzone--disabled Dropzone-animation Dropzone-standard--default"
    data-test="DesignSystem-Dropzone"
  >
    <svg
      class="Dropzone-icon--standard"
      fill="none"
      viewBox="0 0 64 64"
      xmlns="http://www.w3.org/2000/svg"
    >
      <path
        class="Dropzone-icon--disabled"
        d="M14.6667 53.3334C13.6 53.3334 12.6667 52.9334 11.8667 52.1334C11.0667 51.3334 10.6667 50.4 10.6667 49.3334V39.8H14.6667V49.3334H49.3333V39.8H53.3333V49.3334C53.3333 50.4 52.9333 51.3334 52.1333 52.1334C51.3333 52.9334 50.4 53.3334 49.3333 53.3334H14.6667ZM32 43.1334L19.1333 30.2667L22 27.4L30 35.4V10.6667H34V35.4L42 27.4L44.8667 30.2667L32 43.1334Z"
      />
    </svg>
    <div
      class="DropzoneWrapper DropzoneWrapper--standard"
      data-test="DesignSystem-Dropzone-Wrapper"
    >
      <span>
        <span
          class="Text Text--disabled Text--strong Text--large mr-2"
          data-test="DesignSystem-Text"
        >
          Drag your files here or
        </span>
        <span
          aria-label="Drag your files here or click to select files"
          class="Text Text--disabled Text--strong Text--large ml-2 cursor-pointer"
          data-test="DesignSystem-Text"
          role="button"
          tabindex="-1"
        >
          browse files
        </span>
        <input
          autocomplete="off"
          multiple=""
          style="display: none;"
          tabindex="-1"
          type="file"
        />
      </span>
      <span
        class="Text Text--disabled Text--regular"
        data-test="DesignSystem-Text"
      >
        Accepted formats: PDF, JPG
      </span>
      <span
        class="Text Text--disabled Text--regular"
        data-test="DesignSystem-Text"
      >
        Maximum size: 30 MB
      </span>
    </div>
  </div>
</DocumentFragment>
`;

exports[`Dropzone component snapshot 
  formatLabel: "Accepted formats: PDF, JPG", sizeLabel: "Maximum size: 30 MB", disabled: true, type: "tight"
 1`] = `
<DocumentFragment>
  <div
    class="Dropzone Dropzone--tight Dropzone--disabled Dropzone-animation Dropzone-animation--default"
    data-test="DesignSystem-Dropzone"
  >
    <div
      class="DropzoneWrapper DropzoneWrapper--tight"
      data-test="DesignSystem-Dropzone-Wrapper"
    >
      <span>
        <span
          class="Text Text--disabled Text--strong Text--large mr-2"
          data-test="DesignSystem-Text"
        >
          Drag your files here or
        </span>
        <span
          aria-label="Drag your files here or click to select files"
          class="Text Text--disabled Text--strong Text--large ml-2 cursor-pointer"
          data-test="DesignSystem-Text"
          role="button"
          tabindex="-1"
        >
          browse files
        </span>
        <input
          autocomplete="off"
          multiple=""
          style="display: none;"
          tabindex="-1"
          type="file"
        />
      </span>
      <span
        class="Text Text--disabled Text--regular"
        data-test="DesignSystem-Text"
      >
        Accepted formats: PDF, JPG
      </span>
      <span
        class="Text Text--disabled Text--regular"
        data-test="DesignSystem-Text"
      >
        Maximum size: 30 MB
      </span>
    </div>
  </div>
</DocumentFragment>
`;

exports[`Dropzone component snapshot 
  maxSize: 300, minSize: 50, preventDropOnDocument: false, multiple: false
 1`] = `
<DocumentFragment>
  <div
    class="Dropzone Dropzone--standard Dropzone-animation Dropzone-standard--default"
    data-test="DesignSystem-Dropzone"
  >
    <svg
      class="Dropzone-icon--standard"
      fill="none"
      viewBox="0 0 64 64"
      xmlns="http://www.w3.org/2000/svg"
    >
      <path
        class="Dropzone-icon--default"
        d="M14.6667 53.3334C13.6 53.3334 12.6667 52.9334 11.8667 52.1334C11.0667 51.3334 10.6667 50.4 10.6667 49.3334V39.8H14.6667V49.3334H49.3333V39.8H53.3333V49.3334C53.3333 50.4 52.9333 51.3334 52.1333 52.1334C51.3333 52.9334 50.4 53.3334 49.3333 53.3334H14.6667ZM32 43.1334L19.1333 30.2667L22 27.4L30 35.4V10.6667H34V35.4L42 27.4L44.8667 30.2667L32 43.1334Z"
      />
    </svg>
    <div
      class="DropzoneWrapper DropzoneWrapper--standard"
      data-test="DesignSystem-Dropzone-Wrapper"
    >
      <span>
        <span
          class="Text Text--default Text--strong Text--large mr-2"
          data-test="DesignSystem-Text"
        >
          Drag your files here or
        </span>
        <span
          aria-label="Drag your files here or click to select files"
          class="Text Text--link Text--strong Text--large ml-2 cursor-pointer"
          data-test="DesignSystem-Text"
          role="button"
          tabindex="0"
        >
          browse files
        </span>
        <input
          autocomplete="off"
          style="display: none;"
          tabindex="-1"
          type="file"
        />
      </span>
    </div>
  </div>
</DocumentFragment>
`;

exports[`Dropzone component snapshot 
  maxSize: 300, minSize: 50, preventDropOnDocument: false, multiple: true
 1`] = `
<DocumentFragment>
  <div
    class="Dropzone Dropzone--standard Dropzone-animation Dropzone-standard--default"
    data-test="DesignSystem-Dropzone"
  >
    <svg
      class="Dropzone-icon--standard"
      fill="none"
      viewBox="0 0 64 64"
      xmlns="http://www.w3.org/2000/svg"
    >
      <path
        class="Dropzone-icon--default"
        d="M14.6667 53.3334C13.6 53.3334 12.6667 52.9334 11.8667 52.1334C11.0667 51.3334 10.6667 50.4 10.6667 49.3334V39.8H14.6667V49.3334H49.3333V39.8H53.3333V49.3334C53.3333 50.4 52.9333 51.3334 52.1333 52.1334C51.3333 52.9334 50.4 53.3334 49.3333 53.3334H14.6667ZM32 43.1334L19.1333 30.2667L22 27.4L30 35.4V10.6667H34V35.4L42 27.4L44.8667 30.2667L32 43.1334Z"
      />
    </svg>
    <div
      class="DropzoneWrapper DropzoneWrapper--standard"
      data-test="DesignSystem-Dropzone-Wrapper"
    >
      <span>
        <span
          class="Text Text--default Text--strong Text--large mr-2"
          data-test="DesignSystem-Text"
        >
          Drag your files here or
        </span>
        <span
          aria-label="Drag your files here or click to select files"
          class="Text Text--link Text--strong Text--large ml-2 cursor-pointer"
          data-test="DesignSystem-Text"
          role="button"
          tabindex="0"
        >
          browse files
        </span>
        <input
          autocomplete="off"
          multiple=""
          style="display: none;"
          tabindex="-1"
          type="file"
        />
      </span>
    </div>
  </div>
</DocumentFragment>
`;

exports[`Dropzone component snapshot 
  maxSize: 300, minSize: 50, preventDropOnDocument: true, multiple: false
 1`] = `
<DocumentFragment>
  <div
    class="Dropzone Dropzone--standard Dropzone-animation Dropzone-standard--default"
    data-test="DesignSystem-Dropzone"
  >
    <svg
      class="Dropzone-icon--standard"
      fill="none"
      viewBox="0 0 64 64"
      xmlns="http://www.w3.org/2000/svg"
    >
      <path
        class="Dropzone-icon--default"
        d="M14.6667 53.3334C13.6 53.3334 12.6667 52.9334 11.8667 52.1334C11.0667 51.3334 10.6667 50.4 10.6667 49.3334V39.8H14.6667V49.3334H49.3333V39.8H53.3333V49.3334C53.3333 50.4 52.9333 51.3334 52.1333 52.1334C51.3333 52.9334 50.4 53.3334 49.3333 53.3334H14.6667ZM32 43.1334L19.1333 30.2667L22 27.4L30 35.4V10.6667H34V35.4L42 27.4L44.8667 30.2667L32 43.1334Z"
      />
    </svg>
    <div
      class="DropzoneWrapper DropzoneWrapper--standard"
      data-test="DesignSystem-Dropzone-Wrapper"
    >
      <span>
        <span
          class="Text Text--default Text--strong Text--large mr-2"
          data-test="DesignSystem-Text"
        >
          Drag your files here or
        </span>
        <span
          aria-label="Drag your files here or click to select files"
          class="Text Text--link Text--strong Text--large ml-2 cursor-pointer"
          data-test="DesignSystem-Text"
          role="button"
          tabindex="0"
        >
          browse files
        </span>
        <input
          autocomplete="off"
          style="display: none;"
          tabindex="-1"
          type="file"
        />
      </span>
    </div>
  </div>
</DocumentFragment>
`;

exports[`Dropzone component snapshot 
  maxSize: 300, minSize: 50, preventDropOnDocument: true, multiple: true
 1`] = `
<DocumentFragment>
  <div
    class="Dropzone Dropzone--standard Dropzone-animation Dropzone-standard--default"
    data-test="DesignSystem-Dropzone"
  >
    <svg
      class="Dropzone-icon--standard"
      fill="none"
      viewBox="0 0 64 64"
      xmlns="http://www.w3.org/2000/svg"
    >
      <path
        class="Dropzone-icon--default"
        d="M14.6667 53.3334C13.6 53.3334 12.6667 52.9334 11.8667 52.1334C11.0667 51.3334 10.6667 50.4 10.6667 49.3334V39.8H14.6667V49.3334H49.3333V39.8H53.3333V49.3334C53.3333 50.4 52.9333 51.3334 52.1333 52.1334C51.3333 52.9334 50.4 53.3334 49.3333 53.3334H14.6667ZM32 43.1334L19.1333 30.2667L22 27.4L30 35.4V10.6667H34V35.4L42 27.4L44.8667 30.2667L32 43.1334Z"
      />
    </svg>
    <div
      class="DropzoneWrapper DropzoneWrapper--standard"
      data-test="DesignSystem-Dropzone-Wrapper"
    >
      <span>
        <span
          class="Text Text--default Text--strong Text--large mr-2"
          data-test="DesignSystem-Text"
        >
          Drag your files here or
        </span>
        <span
          aria-label="Drag your files here or click to select files"
          class="Text Text--link Text--strong Text--large ml-2 cursor-pointer"
          data-test="DesignSystem-Text"
          role="button"
          tabindex="0"
        >
          browse files
        </span>
        <input
          autocomplete="off"
          multiple=""
          style="display: none;"
          tabindex="-1"
          type="file"
        />
      </span>
    </div>
  </div>
</DocumentFragment>
`;
