// Jest Snapshot v1, https://goo.gl/fbAQLP

exports[`AvatarGroup component 
  list: [{"firstName":"John","lastName":"Doe"},{"firstName":"Steven","lastName":"Packton"},{"firstName":"Nancy","lastName":"Wheeler"},{"firstName":"Monica","lastName":"Geller"},{"firstName":"Arya","lastName":"Stark"},{"firstName":"Rachel","lastName":"Green"}]
 1`] = `
Object {
  "asFragment": [Function],
  "baseElement": <body>
    <div>
      <div
        class="AvatarGroup d-inline-flex"
        data-test="DesignSystem-AvatarGroup"
      >
        <div
          class="AvatarGroup-item"
          data-test="DesignSystem-AvatarGroup--Avatar"
          style="border-radius: 50%; box-shadow: 0 0 0 var(--spacing-xs) var(--white);"
        >
          <style />
          <div
            class="OutsideClick PopperWrapper-trigger flex-grow-0"
          >
            <span
              class="Avatar Avatar--regular Avatar--accent1"
              data-test="DesignSystem-Avatar"
            >
              <span
                class="Text Text--white Text--medium Text--regular Avatar-content--regular Avatar-content--accent1"
                data-test="DesignSystem-Text"
              >
                JD
              </span>
            </span>
          </div>
        </div>
        <div
          class="AvatarGroup-item"
          data-test="DesignSystem-AvatarGroup--Avatar"
          style="border-radius: 50%; box-shadow: 0 0 0 var(--spacing-xs) var(--white);"
        >
          <style />
          <div
            class="OutsideClick PopperWrapper-trigger flex-grow-0"
          >
            <span
              class="Avatar Avatar--regular Avatar--alert"
              data-test="DesignSystem-Avatar"
            >
              <span
                class="Text Text--white Text--medium Text--regular Avatar-content--regular Avatar-content--alert"
                data-test="DesignSystem-Text"
              >
                SP
              </span>
            </span>
          </div>
        </div>
        <style />
        <div
          class="OutsideClick PopperWrapper-trigger"
        >
          <div
            data-test="DesignSystem-AvatarGroup--TriggerAvatar"
            style="border-radius: 50%; box-shadow: 0 0 0 var(--spacing-xs) var(--white);"
          >
            <span
              class="Avatar Avatar--regular Avatar--secondary Avatar--disabled"
            >
              <span
                class="Text Text--white Text--regular Avatar-content--secondary"
                data-test="DesignSystem-Text"
              >
                +4
              </span>
            </span>
          </div>
        </div>
      </div>
    </div>
  </body>,
  "container": <div>
    <div
      class="AvatarGroup d-inline-flex"
      data-test="DesignSystem-AvatarGroup"
    >
      <div
        class="AvatarGroup-item"
        data-test="DesignSystem-AvatarGroup--Avatar"
        style="border-radius: 50%; box-shadow: 0 0 0 var(--spacing-xs) var(--white);"
      >
        <style />
        <div
          class="OutsideClick PopperWrapper-trigger flex-grow-0"
        >
          <span
            class="Avatar Avatar--regular Avatar--accent1"
            data-test="DesignSystem-Avatar"
          >
            <span
              class="Text Text--white Text--medium Text--regular Avatar-content--regular Avatar-content--accent1"
              data-test="DesignSystem-Text"
            >
              JD
            </span>
          </span>
        </div>
      </div>
      <div
        class="AvatarGroup-item"
        data-test="DesignSystem-AvatarGroup--Avatar"
        style="border-radius: 50%; box-shadow: 0 0 0 var(--spacing-xs) var(--white);"
      >
        <style />
        <div
          class="OutsideClick PopperWrapper-trigger flex-grow-0"
        >
          <span
            class="Avatar Avatar--regular Avatar--alert"
            data-test="DesignSystem-Avatar"
          >
            <span
              class="Text Text--white Text--medium Text--regular Avatar-content--regular Avatar-content--alert"
              data-test="DesignSystem-Text"
            >
              SP
            </span>
          </span>
        </div>
      </div>
      <style />
      <div
        class="OutsideClick PopperWrapper-trigger"
      >
        <div
          data-test="DesignSystem-AvatarGroup--TriggerAvatar"
          style="border-radius: 50%; box-shadow: 0 0 0 var(--spacing-xs) var(--white);"
        >
          <span
            class="Avatar Avatar--regular Avatar--secondary Avatar--disabled"
          >
            <span
              class="Text Text--white Text--regular Avatar-content--secondary"
              data-test="DesignSystem-Text"
            >
              +4
            </span>
          </span>
        </div>
      </div>
    </div>
  </div>,
  "debug": [Function],
  "findAllByAltText": [Function],
  "findAllByDisplayValue": [Function],
  "findAllByLabelText": [Function],
  "findAllByPlaceholderText": [Function],
  "findAllByRole": [Function],
  "findAllByTestId": [Function],
  "findAllByText": [Function],
  "findAllByTitle": [Function],
  "findByAltText": [Function],
  "findByDisplayValue": [Function],
  "findByLabelText": [Function],
  "findByPlaceholderText": [Function],
  "findByRole": [Function],
  "findByTestId": [Function],
  "findByText": [Function],
  "findByTitle": [Function],
  "getAllByAltText": [Function],
  "getAllByDisplayValue": [Function],
  "getAllByLabelText": [Function],
  "getAllByPlaceholderText": [Function],
  "getAllByRole": [Function],
  "getAllByTestId": [Function],
  "getAllByText": [Function],
  "getAllByTitle": [Function],
  "getByAltText": [Function],
  "getByDisplayValue": [Function],
  "getByLabelText": [Function],
  "getByPlaceholderText": [Function],
  "getByRole": [Function],
  "getByTestId": [Function],
  "getByText": [Function],
  "getByTitle": [Function],
  "queryAllByAltText": [Function],
  "queryAllByDisplayValue": [Function],
  "queryAllByLabelText": [Function],
  "queryAllByPlaceholderText": [Function],
  "queryAllByRole": [Function],
  "queryAllByTestId": [Function],
  "queryAllByText": [Function],
  "queryAllByTitle": [Function],
  "queryByAltText": [Function],
  "queryByDisplayValue": [Function],
  "queryByLabelText": [Function],
  "queryByPlaceholderText": [Function],
  "queryByRole": [Function],
  "queryByTestId": [Function],
  "queryByText": [Function],
  "queryByTitle": [Function],
  "rerender": [Function],
  "unmount": [Function],
}
`;
