// Jest Snapshot v1, https://goo.gl/fbAQLP

exports[`ChatBubble component snapshot 
  type: "incoming", incomingOptions: {"time":"1:00 AM","metaData":"Meta Data","avatarData":{"firstName":"John","lastName":"Doe"},"showAvatar":true,"urgentMessage":"[Function]"}, outgoingOptions: {"status":true,"time":"1:00 AM","metaData":"Meta Data","urgentMessage":"[Function]"}, children: "[ReactNode]"
 1`] = `
Object {
  "asFragment": [Function],
  "baseElement": <body>
    <div>
      <div
        data-test="DesignSystem-Chat"
      >
        <div
          aria-labelledby="chat-bubble-header"
          data-test="DesignSystem-ChatBubble-IncomingWrapper"
          role="group"
        >
          <div
            class="Row d-flex align-items-center mb-3 ChatBubble-metaData--incoming"
            data-test="DesignSystem-IncomingChatBubble-MetaDataWrapper"
          >
            <span
              class="Text Text--default Text--medium Text--small"
              data-test="DesignSystem-IncomingChatBubble-Name"
            >
              John Doe
            </span>
            <span
              class="ChatBubble-separator"
              data-test="DesignSystem-IncomingChatBubble-Separator"
            />
            <span
              aria-label="Time: 1:00 AM"
              class="Text Text--subtle Text--medium Text--small"
              data-test="DesignSystem-IncomingChatBubble-Time"
            >
              1:00 AM
            </span>
            <span
              class="ChatBubble-separator"
              data-test="DesignSystem-IncomingChatBubble-Separator"
            />
            <span
              aria-label="Meta Data"
              class="Text Text--subtle Text--medium Text--small"
              data-test="DesignSystem-IncomingChatBubble-MetaData"
            >
              Meta Data
            </span>
            <span
              class="ChatBubble-separator"
              data-test="DesignSystem-IncomingChatBubble-Separator"
            />
            <div
              aria-live="assertive"
              data-test="DesignSystem-IncomingChatBubble-UrgentMessage"
              role="alert"
            >
              <div>
                Urgent
              </div>
            </div>
          </div>
          <div
            class="Row"
            data-test="DesignSystem-IncomingChatBubble-Wrapper"
          >
            <div
              class="Col ChatBubble-boxWrapper"
              data-test="DesignSystem-IncomingChatBubble-ChatBoxWrapper"
            >
              <span
                class="position-relative d-inline-flex"
              >
                <span
                  class=""
                  data-test="DesignSystem-AvatarWrapper"
                  role="presentation"
                >
                  <span
                    class="Avatar Avatar--regular Avatar--accent1 Avatar--noInitials Avatar--default mr-4"
                    data-test="DesignSystem-IncomingChatBubble-Avatar"
                    tabindex="0"
                  >
                    <span
                      class="Text Text--white Text--medium Text--regular Avatar-content--regular Avatar-content"
                      data-test="DesignSystem-Text"
                    >
                      JD
                    </span>
                  </span>
                </span>
              </span>
              <div
                class="ChatBubble-box--incoming"
                data-test="DesignSystem-IncomingChatBubble-ChatBox"
              >
                JD
              </div>
            </div>
            <div
              class="Col ChatBubble-actionBarWrapper"
              data-test="DesignSystem-Column"
            />
          </div>
        </div>
      </div>
    </div>
  </body>,
  "container": <div>
    <div
      data-test="DesignSystem-Chat"
    >
      <div
        aria-labelledby="chat-bubble-header"
        data-test="DesignSystem-ChatBubble-IncomingWrapper"
        role="group"
      >
        <div
          class="Row d-flex align-items-center mb-3 ChatBubble-metaData--incoming"
          data-test="DesignSystem-IncomingChatBubble-MetaDataWrapper"
        >
          <span
            class="Text Text--default Text--medium Text--small"
            data-test="DesignSystem-IncomingChatBubble-Name"
          >
            John Doe
          </span>
          <span
            class="ChatBubble-separator"
            data-test="DesignSystem-IncomingChatBubble-Separator"
          />
          <span
            aria-label="Time: 1:00 AM"
            class="Text Text--subtle Text--medium Text--small"
            data-test="DesignSystem-IncomingChatBubble-Time"
          >
            1:00 AM
          </span>
          <span
            class="ChatBubble-separator"
            data-test="DesignSystem-IncomingChatBubble-Separator"
          />
          <span
            aria-label="Meta Data"
            class="Text Text--subtle Text--medium Text--small"
            data-test="DesignSystem-IncomingChatBubble-MetaData"
          >
            Meta Data
          </span>
          <span
            class="ChatBubble-separator"
            data-test="DesignSystem-IncomingChatBubble-Separator"
          />
          <div
            aria-live="assertive"
            data-test="DesignSystem-IncomingChatBubble-UrgentMessage"
            role="alert"
          >
            <div>
              Urgent
            </div>
          </div>
        </div>
        <div
          class="Row"
          data-test="DesignSystem-IncomingChatBubble-Wrapper"
        >
          <div
            class="Col ChatBubble-boxWrapper"
            data-test="DesignSystem-IncomingChatBubble-ChatBoxWrapper"
          >
            <span
              class="position-relative d-inline-flex"
            >
              <span
                class=""
                data-test="DesignSystem-AvatarWrapper"
                role="presentation"
              >
                <span
                  class="Avatar Avatar--regular Avatar--accent1 Avatar--noInitials Avatar--default mr-4"
                  data-test="DesignSystem-IncomingChatBubble-Avatar"
                  tabindex="0"
                >
                  <span
                    class="Text Text--white Text--medium Text--regular Avatar-content--regular Avatar-content"
                    data-test="DesignSystem-Text"
                  >
                    JD
                  </span>
                </span>
              </span>
            </span>
            <div
              class="ChatBubble-box--incoming"
              data-test="DesignSystem-IncomingChatBubble-ChatBox"
            >
              JD
            </div>
          </div>
          <div
            class="Col ChatBubble-actionBarWrapper"
            data-test="DesignSystem-Column"
          />
        </div>
      </div>
    </div>
  </div>,
  "debug": [Function],
  "findAllByAltText": [Function],
  "findAllByDisplayValue": [Function],
  "findAllByLabelText": [Function],
  "findAllByPlaceholderText": [Function],
  "findAllByRole": [Function],
  "findAllByTestId": [Function],
  "findAllByText": [Function],
  "findAllByTitle": [Function],
  "findByAltText": [Function],
  "findByDisplayValue": [Function],
  "findByLabelText": [Function],
  "findByPlaceholderText": [Function],
  "findByRole": [Function],
  "findByTestId": [Function],
  "findByText": [Function],
  "findByTitle": [Function],
  "getAllByAltText": [Function],
  "getAllByDisplayValue": [Function],
  "getAllByLabelText": [Function],
  "getAllByPlaceholderText": [Function],
  "getAllByRole": [Function],
  "getAllByTestId": [Function],
  "getAllByText": [Function],
  "getAllByTitle": [Function],
  "getByAltText": [Function],
  "getByDisplayValue": [Function],
  "getByLabelText": [Function],
  "getByPlaceholderText": [Function],
  "getByRole": [Function],
  "getByTestId": [Function],
  "getByText": [Function],
  "getByTitle": [Function],
  "queryAllByAltText": [Function],
  "queryAllByDisplayValue": [Function],
  "queryAllByLabelText": [Function],
  "queryAllByPlaceholderText": [Function],
  "queryAllByRole": [Function],
  "queryAllByTestId": [Function],
  "queryAllByText": [Function],
  "queryAllByTitle": [Function],
  "queryByAltText": [Function],
  "queryByDisplayValue": [Function],
  "queryByLabelText": [Function],
  "queryByPlaceholderText": [Function],
  "queryByRole": [Function],
  "queryByTestId": [Function],
  "queryByText": [Function],
  "queryByTitle": [Function],
  "rerender": [Function],
  "unmount": [Function],
}
`;

exports[`ChatBubble component snapshot 
  type: "outgoing", incomingOptions: {"time":"1:00 AM","metaData":"Meta Data","avatarData":{"firstName":"John","lastName":"Doe"},"showAvatar":true,"urgentMessage":"[Function]"}, outgoingOptions: {"status":true,"time":"1:00 AM","metaData":"Meta Data","urgentMessage":"[Function]"}, children: "[ReactNode]"
 1`] = `
Object {
  "asFragment": [Function],
  "baseElement": <body>
    <div>
      <div
        data-test="DesignSystem-Chat"
      >
        <div
          aria-labelledby="chat-bubble-header"
          class="d-flex align-items-end w-100"
          data-test="DesignSystem-ChatBubble-OutgoingWrapper"
          role="group"
        >
          <div
            class="ChatBubble-box"
          >
            <div
              class="Row d-flex justify-content-end align-items-center mb-3"
              data-test="DesignSystem-Row"
            >
              <span
                aria-label="Time: 1:00 AM"
                class="Text Text--subtle Text--medium Text--small"
                data-test="DesignSystem-OutgoingChatBubble-Time"
              >
                1:00 AM
              </span>
              <span
                class="ChatBubble-separator"
                data-test="DesignSystem-OutgoingChatBubble-Separator"
              />
              <span
                aria-label="Meta Data"
                class="Text Text--subtle Text--medium Text--small"
                data-test="DesignSystem-OutgoingChatBubble-Metadata"
              >
                Meta Data
              </span>
              <span
                class="ChatBubble-separator"
                data-test="DesignSystem-OutgoingChatBubble-Separator"
              />
              <div
                aria-live="assertive"
                data-test="DesignSystem-OutgoingChatBubble-UrgentMessage"
                role="alert"
              >
                <div>
                  Urgent
                </div>
              </div>
            </div>
            <div
              class="Row d-flex justify-content-end"
              data-test="DesignSystem-OutgoingChatBubble-Wrapper"
            >
              <div
                class="Col ChatBubble-actionBarWrapper"
                data-test="DesignSystem-Column"
              />
              <div
                class="Col ChatBubble-boxWrapper"
                data-test="DesignSystem-OutgoingChatBubble-BoxWrapper"
              >
                <div
                  class="ChatBubble-box--outgoing"
                  data-test="DesignSystem-OutgoingChatBubble-ChatBox"
                >
                  JD
                </div>
              </div>
            </div>
          </div>
          <i
            aria-label="Message sent successfully"
            class="material-symbols material-symbols-rounded Icon Icon--success ml-3"
            data-test="DesignSystem-OutgoingChatBubble-Status"
            role="button"
            style="font-size: 16px; width: 16px;"
          >
            check_circle
          </i>
        </div>
      </div>
    </div>
  </body>,
  "container": <div>
    <div
      data-test="DesignSystem-Chat"
    >
      <div
        aria-labelledby="chat-bubble-header"
        class="d-flex align-items-end w-100"
        data-test="DesignSystem-ChatBubble-OutgoingWrapper"
        role="group"
      >
        <div
          class="ChatBubble-box"
        >
          <div
            class="Row d-flex justify-content-end align-items-center mb-3"
            data-test="DesignSystem-Row"
          >
            <span
              aria-label="Time: 1:00 AM"
              class="Text Text--subtle Text--medium Text--small"
              data-test="DesignSystem-OutgoingChatBubble-Time"
            >
              1:00 AM
            </span>
            <span
              class="ChatBubble-separator"
              data-test="DesignSystem-OutgoingChatBubble-Separator"
            />
            <span
              aria-label="Meta Data"
              class="Text Text--subtle Text--medium Text--small"
              data-test="DesignSystem-OutgoingChatBubble-Metadata"
            >
              Meta Data
            </span>
            <span
              class="ChatBubble-separator"
              data-test="DesignSystem-OutgoingChatBubble-Separator"
            />
            <div
              aria-live="assertive"
              data-test="DesignSystem-OutgoingChatBubble-UrgentMessage"
              role="alert"
            >
              <div>
                Urgent
              </div>
            </div>
          </div>
          <div
            class="Row d-flex justify-content-end"
            data-test="DesignSystem-OutgoingChatBubble-Wrapper"
          >
            <div
              class="Col ChatBubble-actionBarWrapper"
              data-test="DesignSystem-Column"
            />
            <div
              class="Col ChatBubble-boxWrapper"
              data-test="DesignSystem-OutgoingChatBubble-BoxWrapper"
            >
              <div
                class="ChatBubble-box--outgoing"
                data-test="DesignSystem-OutgoingChatBubble-ChatBox"
              >
                JD
              </div>
            </div>
          </div>
        </div>
        <i
          aria-label="Message sent successfully"
          class="material-symbols material-symbols-rounded Icon Icon--success ml-3"
          data-test="DesignSystem-OutgoingChatBubble-Status"
          role="button"
          style="font-size: 16px; width: 16px;"
        >
          check_circle
        </i>
      </div>
    </div>
  </div>,
  "debug": [Function],
  "findAllByAltText": [Function],
  "findAllByDisplayValue": [Function],
  "findAllByLabelText": [Function],
  "findAllByPlaceholderText": [Function],
  "findAllByRole": [Function],
  "findAllByTestId": [Function],
  "findAllByText": [Function],
  "findAllByTitle": [Function],
  "findByAltText": [Function],
  "findByDisplayValue": [Function],
  "findByLabelText": [Function],
  "findByPlaceholderText": [Function],
  "findByRole": [Function],
  "findByTestId": [Function],
  "findByText": [Function],
  "findByTitle": [Function],
  "getAllByAltText": [Function],
  "getAllByDisplayValue": [Function],
  "getAllByLabelText": [Function],
  "getAllByPlaceholderText": [Function],
  "getAllByRole": [Function],
  "getAllByTestId": [Function],
  "getAllByText": [Function],
  "getAllByTitle": [Function],
  "getByAltText": [Function],
  "getByDisplayValue": [Function],
  "getByLabelText": [Function],
  "getByPlaceholderText": [Function],
  "getByRole": [Function],
  "getByTestId": [Function],
  "getByText": [Function],
  "getByTitle": [Function],
  "queryAllByAltText": [Function],
  "queryAllByDisplayValue": [Function],
  "queryAllByLabelText": [Function],
  "queryAllByPlaceholderText": [Function],
  "queryAllByRole": [Function],
  "queryAllByTestId": [Function],
  "queryAllByText": [Function],
  "queryAllByTitle": [Function],
  "queryByAltText": [Function],
  "queryByDisplayValue": [Function],
  "queryByLabelText": [Function],
  "queryByPlaceholderText": [Function],
  "queryByRole": [Function],
  "queryByTestId": [Function],
  "queryByText": [Function],
  "queryByTitle": [Function],
  "rerender": [Function],
  "unmount": [Function],
}
`;
