// Jest Snapshot v1, https://goo.gl/fbAQLP

exports[`Message component 
  appearance: "alert", title: "Title goes here", description: "Description goes here", actions: "[ReactNode]"
 1`] = `
<body>
  <div>
    <div
      class="Message Message--alert"
      data-test="DesignSystem-Message"
    >
      <i
        class="material-icons material-icons-round Icon Icon--alert Message-icon Message-icon--alert Message-icon--withTitle"
        data-test="DesignSystem-Message--Icon"
        style="font-size: 16px; width: 16px;"
      >
        error_round
      </i>
      <div>
        <h5
          class="Heading Heading--s Heading--default Message-heading Message-heading--alert"
          data-test="DesignSystem-Message--Title"
        >
          Title goes here
        </h5>
        <span
          class="Text Text--default Text--regular Message-text Message-text--alert"
          data-test="DesignSystem-Message--Description"
        >
          Description goes here
        </span>
        <div
          class="Message-actions"
          data-test="DesignSystem-Message--actions"
        >
          <span
            class="Text Text--link Text--regular mr-5 cursor-pointer"
            data-test="DesignSystem-Text"
          >
            Action 1
          </span>
          <span
            class="Text Text--link Text--regular cursor-pointer"
            data-test="DesignSystem-Text"
          >
            Action 2
          </span>
        </div>
      </div>
    </div>
  </div>
</body>
`;

exports[`Message component 
  appearance: "info", title: "Title goes here", description: "Description goes here", actions: "[ReactNode]"
 1`] = `
<body>
  <div>
    <div
      class="Message Message--info"
      data-test="DesignSystem-Message"
    >
      <i
        class="material-icons material-icons-round Icon Icon--info Message-icon Message-icon--info Message-icon--withTitle"
        data-test="DesignSystem-Message--Icon"
        style="font-size: 16px; width: 16px;"
      >
        info_round
      </i>
      <div>
        <h5
          class="Heading Heading--s Heading--default Message-heading Message-heading--info"
          data-test="DesignSystem-Message--Title"
        >
          Title goes here
        </h5>
        <span
          class="Text Text--default Text--regular Message-text Message-text--info"
          data-test="DesignSystem-Message--Description"
        >
          Description goes here
        </span>
        <div
          class="Message-actions"
          data-test="DesignSystem-Message--actions"
        >
          <span
            class="Text Text--link Text--regular mr-5 cursor-pointer"
            data-test="DesignSystem-Text"
          >
            Action 1
          </span>
          <span
            class="Text Text--link Text--regular cursor-pointer"
            data-test="DesignSystem-Text"
          >
            Action 2
          </span>
        </div>
      </div>
    </div>
  </div>
</body>
`;

exports[`Message component 
  appearance: "success", title: "Title goes here", description: "Description goes here", actions: "[ReactNode]"
 1`] = `
<body>
  <div>
    <div
      class="Message Message--success"
      data-test="DesignSystem-Message"
    >
      <i
        class="material-icons material-icons-round Icon Icon--success Message-icon Message-icon--success Message-icon--withTitle"
        data-test="DesignSystem-Message--Icon"
        style="font-size: 16px; width: 16px;"
      >
        check_circle_round
      </i>
      <div>
        <h5
          class="Heading Heading--s Heading--default Message-heading Message-heading--success"
          data-test="DesignSystem-Message--Title"
        >
          Title goes here
        </h5>
        <span
          class="Text Text--default Text--regular Message-text Message-text--success"
          data-test="DesignSystem-Message--Description"
        >
          Description goes here
        </span>
        <div
          class="Message-actions"
          data-test="DesignSystem-Message--actions"
        >
          <span
            class="Text Text--link Text--regular mr-5 cursor-pointer"
            data-test="DesignSystem-Text"
          >
            Action 1
          </span>
          <span
            class="Text Text--link Text--regular cursor-pointer"
            data-test="DesignSystem-Text"
          >
            Action 2
          </span>
        </div>
      </div>
    </div>
  </div>
</body>
`;

exports[`Message component 
  appearance: "warning", title: "Title goes here", description: "Description goes here", actions: "[ReactNode]"
 1`] = `
<body>
  <div>
    <div
      class="Message Message--warning"
      data-test="DesignSystem-Message"
    >
      <i
        class="material-icons material-icons-round Icon Icon--warning Message-icon Message-icon--warning Message-icon--withTitle"
        data-test="DesignSystem-Message--Icon"
        style="font-size: 16px; width: 16px;"
      >
        warning_round
      </i>
      <div>
        <h5
          class="Heading Heading--s Heading--default Message-heading Message-heading--warning"
          data-test="DesignSystem-Message--Title"
        >
          Title goes here
        </h5>
        <span
          class="Text Text--default Text--regular Message-text Message-text--warning"
          data-test="DesignSystem-Message--Description"
        >
          Description goes here
        </span>
        <div
          class="Message-actions"
          data-test="DesignSystem-Message--actions"
        >
          <span
            class="Text Text--link Text--regular mr-5 cursor-pointer"
            data-test="DesignSystem-Text"
          >
            Action 1
          </span>
          <span
            class="Text Text--link Text--regular cursor-pointer"
            data-test="DesignSystem-Text"
          >
            Action 2
          </span>
        </div>
      </div>
    </div>
  </div>
</body>
`;
