// Jest Snapshot v1, https://goo.gl/fbAQLP

exports[`ModalFooter component 
  
 1`] = `
<DocumentFragment>
  <div
    class="Modal-footer"
    data-test="DesignSystem-ModalFooter"
  >
    <button
      class="Button Button--regular Button--basic Button--iconAlign-left"
      tabindex="0"
    >
      Basic
    </button>
    <button
      class="Button Button--regular Button--primary Button--iconAlign-left"
      tabindex="0"
    >
      Primary
    </button>
  </div>
</DocumentFragment>
`;
