// Jest Snapshot v1, https://goo.gl/fbAQLP

exports[`Vertical Navigation component 
  expanded: false, menus: [{"name":"patient_360","label":"Patient 360","icon":"assignment_ind","link":"/patient360","count":10,"group":"Section 1"},{"name":"care_management","label":"Care Management and Resources","icon":"forum","group":"Section 2","subMenu":[{"name":"care_management.timeline","label":"Timeline","icon":"assignment_ind"},{"name":"care_management.care_plans","label":"Care Plans","icon":"events"}]},{"name":"episodes","label":"Episodes","disabled":true,"icon":"airline_seat_flat_angled","group":"Section 2","count":100},{"name":"risk","label":"Risk","icon":"favorite","group":"Section 2","subMenu":[{"name":"risk.timeline","label":"Timeline"},{"name":"risk.care_plans","label":"Care Plans"}]}], active: {"name":"care_management.timeline"}, onClick: "[Function]", onToggle: "[Function]"
 1`] = `
<body>
  <div>
    <div
      class="VerticalNav"
    >
      <a
        class="MenuItem MenuItem--vertical MenuItem--collapsed color-inverse"
        data-test="DesignSystem-VerticalNav--Item"
        href="/patient360"
        tabindex="0"
      >
        <div
          class="d-flex align-items-center overflow-hidden"
        >
          <i
            class="material-icons material-icons-round Icon"
            data-test="DesignSystem-VerticalNav--Icon"
            role="button"
            style="font-size: 16px; width: 16px;"
          >
            assignment_ind_round
          </i>
        </div>
      </a>
      <a
        class="MenuItem MenuItem--vertical MenuItem--collapsed color-inverse"
        data-test="DesignSystem-VerticalNav--Item"
        tabindex="0"
      >
        <div
          class="d-flex align-items-center overflow-hidden"
        >
          <i
            class="material-icons material-icons-round Icon"
            data-test="DesignSystem-VerticalNav--Icon"
            role="button"
            style="font-size: 16px; width: 16px;"
          >
            forum_round
          </i>
        </div>
      </a>
      <a
        class="MenuItem MenuItem--vertical MenuItem--collapsed MenuItem--active color-primary-dark"
        tabindex="0"
      >
        <div
          class="d-flex align-items-center overflow-hidden"
        >
          <i
            class="material-icons material-icons-round Icon"
            data-test="DesignSystem-VerticalNav--Icon"
            role="button"
            style="font-size: 16px; width: 16px;"
          >
            assignment_ind_round
          </i>
        </div>
      </a>
      <a
        class="MenuItem MenuItem--vertical MenuItem--collapsed color-inverse"
        tabindex="0"
      >
        <div
          class="d-flex align-items-center overflow-hidden"
        >
          <i
            class="material-icons material-icons-round Icon"
            data-test="DesignSystem-VerticalNav--Icon"
            role="button"
            style="font-size: 16px; width: 16px;"
          >
            events_round
          </i>
        </div>
      </a>
      <a
        class="MenuItem MenuItem--vertical MenuItem--collapsed MenuItem--disabled color-inverse-lightest"
        data-test="DesignSystem-VerticalNav--Item"
        tabindex="0"
      >
        <div
          class="d-flex align-items-center overflow-hidden"
        >
          <i
            class="material-icons material-icons-round Icon"
            data-test="DesignSystem-VerticalNav--Icon"
            role="button"
            style="font-size: 16px; width: 16px;"
          >
            airline_seat_flat_angled_round
          </i>
        </div>
      </a>
      <a
        class="MenuItem MenuItem--vertical MenuItem--collapsed color-inverse"
        data-test="DesignSystem-VerticalNav--Item"
        tabindex="0"
      >
        <div
          class="d-flex align-items-center overflow-hidden"
        >
          <i
            class="material-icons material-icons-round Icon"
            data-test="DesignSystem-VerticalNav--Icon"
            role="button"
            style="font-size: 16px; width: 16px;"
          >
            favorite_round
          </i>
        </div>
      </a>
    </div>
  </div>
</body>
`;

exports[`Vertical Navigation component 
  expanded: true, rounded: [true,false], menus: [{"name":"patient_360","label":"Patient 360","icon":"assignment_ind","link":"/patient360","count":10,"group":"Section 1"},{"name":"care_management","label":"Care Management and Resources","icon":"forum","group":"Section 2","subMenu":[{"name":"care_management.timeline","label":"Timeline","icon":"assignment_ind"},{"name":"care_management.care_plans","label":"Care Plans","icon":"events"}]},{"name":"episodes","label":"Episodes","disabled":true,"icon":"airline_seat_flat_angled","group":"Section 2","count":100},{"name":"risk","label":"Risk","icon":"favorite","group":"Section 2","subMenu":[{"name":"risk.timeline","label":"Timeline"},{"name":"risk.care_plans","label":"Care Plans"}]}], active: {"name":"care_management.timeline"}, onClick: "[Function]", onToggle: "[Function]"
 1`] = `
<body>
  <div>
    <div
      class="VerticalNav VerticalNav--expanded"
    >
      <div
        class="VerticalNav-section"
      >
        <span
          class="Text Text--subtle Text--strong Text--small"
          data-test="DesignSystem-VerticalNav--Section"
        >
          Section 1
        </span>
      </div>
      <a
        class="MenuItem MenuItem--vertical MenuItem--expanded MenuItem--rounded color-inverse"
        data-test="DesignSystem-VerticalNav--Item"
        href="/patient360"
        tabindex="0"
      >
        <div
          class="d-flex align-items-center overflow-hidden"
        >
          <i
            class="material-icons material-icons-round Icon mr-4"
            data-test="DesignSystem-VerticalNav--Icon"
            role="button"
            style="font-size: 16px; width: 16px;"
          >
            assignment_ind_round
          </i>
          <span
            class="Text Text--regular color-inverse MenuItem-Text"
            data-test="DesignSystem-VerticalNav--Text"
          >
            Patient 360
          </span>
        </div>
        <span
          class="Pills Badge--secondary MenuItem-count"
          data-test="DesignSystem-VerticalNav--Pills"
        >
          10
        </span>
      </a>
      <div
        class="VerticalNav-section VerticalNav-section--border"
      >
        <span
          class="Text Text--subtle Text--strong Text--small"
          data-test="DesignSystem-VerticalNav--Section"
        >
          Section 2
        </span>
      </div>
      <a
        class="MenuItem MenuItem--vertical MenuItem--expanded MenuItem--rounded color-inverse"
        data-test="DesignSystem-VerticalNav--Item"
        tabindex="0"
      >
        <div
          class="d-flex align-items-center overflow-hidden"
        >
          <i
            class="material-icons material-icons-round Icon mr-4"
            data-test="DesignSystem-VerticalNav--Icon"
            role="button"
            style="font-size: 16px; width: 16px;"
          >
            forum_round
          </i>
          <span
            class="Text Text--regular color-inverse MenuItem-Text"
            data-test="DesignSystem-VerticalNav--Text"
          >
            Care Management and Resources
          </span>
        </div>
        <i
          class="material-icons material-icons-round Icon mx-4"
          role="button"
          style="font-size: 16px; width: 16px;"
        >
          keyboard_arrow_up_round
        </i>
      </a>
      <a
        class="MenuItem MenuItem--vertical MenuItem--expanded MenuItem--active MenuItem--subMenu MenuItem--rounded color-primary-dark"
        tabindex="0"
      >
        <div
          class="d-flex align-items-center overflow-hidden"
        >
          <i
            class="material-icons material-icons-round Icon mr-4"
            data-test="DesignSystem-VerticalNav--Icon"
            role="button"
            style="font-size: 16px; width: 16px;"
          >
            assignment_ind_round
          </i>
          <span
            class="Text Text--regular color-primary-dark MenuItem-Text"
            data-test="DesignSystem-VerticalNav--Text"
          >
            Timeline
          </span>
        </div>
      </a>
      <a
        class="MenuItem MenuItem--vertical MenuItem--expanded MenuItem--subMenu MenuItem--rounded color-inverse"
        tabindex="0"
      >
        <div
          class="d-flex align-items-center overflow-hidden"
        >
          <i
            class="material-icons material-icons-round Icon mr-4"
            data-test="DesignSystem-VerticalNav--Icon"
            role="button"
            style="font-size: 16px; width: 16px;"
          >
            events_round
          </i>
          <span
            class="Text Text--regular color-inverse MenuItem-Text"
            data-test="DesignSystem-VerticalNav--Text"
          >
            Care Plans
          </span>
        </div>
      </a>
      <a
        class="MenuItem MenuItem--vertical MenuItem--expanded MenuItem--disabled MenuItem--rounded color-inverse-lightest"
        data-test="DesignSystem-VerticalNav--Item"
        tabindex="0"
      >
        <div
          class="d-flex align-items-center overflow-hidden"
        >
          <i
            class="material-icons material-icons-round Icon mr-4"
            data-test="DesignSystem-VerticalNav--Icon"
            role="button"
            style="font-size: 16px; width: 16px;"
          >
            airline_seat_flat_angled_round
          </i>
          <span
            class="Text Text--regular color-inverse-lightest MenuItem-Text"
            data-test="DesignSystem-VerticalNav--Text"
          >
            Episodes
          </span>
        </div>
        <span
          class="Pills Badge--subtle-secondary MenuItem-count MenuItem-count--disabled"
          data-test="DesignSystem-VerticalNav--Pills"
        >
          99+
        </span>
      </a>
      <a
        class="MenuItem MenuItem--vertical MenuItem--expanded MenuItem--rounded color-inverse"
        data-test="DesignSystem-VerticalNav--Item"
        tabindex="0"
      >
        <div
          class="d-flex align-items-center overflow-hidden"
        >
          <i
            class="material-icons material-icons-round Icon mr-4"
            data-test="DesignSystem-VerticalNav--Icon"
            role="button"
            style="font-size: 16px; width: 16px;"
          >
            favorite_round
          </i>
          <span
            class="Text Text--regular color-inverse MenuItem-Text"
            data-test="DesignSystem-VerticalNav--Text"
          >
            Risk
          </span>
        </div>
        <i
          class="material-icons material-icons-round Icon mx-4"
          role="button"
          style="font-size: 16px; width: 16px;"
        >
          keyboard_arrow_down_round
        </i>
      </a>
    </div>
  </div>
</body>
`;
