// Jest Snapshot v1, https://goo.gl/fbAQLP

exports[`Icon component 
  name: "events", size: 50, appearance: "alert", onClick: "[Function]"
 1`] = `
<i
  className="material-icons Icon Icon--alert"
  onClick={[MockFunction]}
  style={
    Object {
      "fontSize": "50px",
      "width": "50px",
    }
  }
>
  events
</i>
`;

exports[`Icon component 
  name: "events", size: 50, appearance: "destructive", onClick: "[Function]"
 1`] = `
<i
  className="material-icons Icon Icon--destructive"
  onClick={[MockFunction]}
  style={
    Object {
      "fontSize": "50px",
      "width": "50px",
    }
  }
>
  events
</i>
`;

exports[`Icon component 
  name: "events", size: 50, appearance: "disabled", onClick: "[Function]"
 1`] = `
<i
  className="material-icons Icon Icon--disabled"
  onClick={[MockFunction]}
  style={
    Object {
      "fontSize": "50px",
      "width": "50px",
    }
  }
>
  events
</i>
`;

exports[`Icon component 
  name: "events", size: 50, appearance: "info", onClick: "[Function]"
 1`] = `
<i
  className="material-icons Icon Icon--info"
  onClick={[MockFunction]}
  style={
    Object {
      "fontSize": "50px",
      "width": "50px",
    }
  }
>
  events
</i>
`;

exports[`Icon component 
  name: "events", size: 50, appearance: "subtle", onClick: "[Function]"
 1`] = `
<i
  className="material-icons Icon Icon--subtle"
  onClick={[MockFunction]}
  style={
    Object {
      "fontSize": "50px",
      "width": "50px",
    }
  }
>
  events
</i>
`;

exports[`Icon component 
  name: "events", size: 50, appearance: "success", onClick: "[Function]"
 1`] = `
<i
  className="material-icons Icon Icon--success"
  onClick={[MockFunction]}
  style={
    Object {
      "fontSize": "50px",
      "width": "50px",
    }
  }
>
  events
</i>
`;

exports[`Icon component 
  name: "events", size: 50, appearance: "warning", onClick: "[Function]"
 1`] = `
<i
  className="material-icons Icon Icon--warning"
  onClick={[MockFunction]}
  style={
    Object {
      "fontSize": "50px",
      "width": "50px",
    }
  }
>
  events
</i>
`;

exports[`Icon component 
  name: "events", size: 50, appearance: "white", onClick: "[Function]"
 1`] = `
<i
  className="material-icons Icon Icon--white"
  onClick={[MockFunction]}
  style={
    Object {
      "fontSize": "50px",
      "width": "50px",
    }
  }
>
  events
</i>
`;

exports[`Icon component 
  name: "events", size: 50, type: "filled", onClick: "[Function]"
 1`] = `
<i
  className="material-icons Icon"
  onClick={[MockFunction]}
  style={
    Object {
      "fontSize": "50px",
      "width": "50px",
    }
  }
>
  events_filled
</i>
`;

exports[`Icon component 
  name: "events", size: 50, type: "outline", onClick: "[Function]"
 1`] = `
<i
  className="material-icons material-icons-outlined Icon"
  onClick={[MockFunction]}
  style={
    Object {
      "fontSize": "50px",
      "width": "50px",
    }
  }
>
  events_outlined
</i>
`;

exports[`Icon component 
  name: "events", size: 50, type: "outlined", onClick: "[Function]"
 1`] = `
<i
  className="material-icons material-icons-outlined Icon"
  onClick={[MockFunction]}
  style={
    Object {
      "fontSize": "50px",
      "width": "50px",
    }
  }
>
  events_outlined
</i>
`;

exports[`Icon component 
  name: "events", size: 50, type: "round", onClick: "[Function]"
 1`] = `
<i
  className="material-icons material-icons-round Icon"
  onClick={[MockFunction]}
  style={
    Object {
      "fontSize": "50px",
      "width": "50px",
    }
  }
>
  events_round
</i>
`;

exports[`Icon component 
  name: "events", size: 50, type: "rounded", onClick: "[Function]"
 1`] = `
<i
  className="material-icons material-icons-round Icon"
  onClick={[MockFunction]}
  style={
    Object {
      "fontSize": "50px",
      "width": "50px",
    }
  }
>
  events_round
</i>
`;

exports[`Icon component 
  name: "events", size: 50, type: "sharp", onClick: "[Function]"
 1`] = `
<i
  className="material-icons material-icons-sharp Icon"
  onClick={[MockFunction]}
  style={
    Object {
      "fontSize": "50px",
      "width": "50px",
    }
  }
>
  events_sharp
</i>
`;

exports[`Icon component 
  name: "events", size: 50, type: "two-tone", onClick: "[Function]"
 1`] = `
<i
  className="material-icons material-icons-two-tone Icon"
  onClick={[MockFunction]}
  style={
    Object {
      "fontSize": "50px",
      "width": "50px",
    }
  }
>
  events_two-tone
</i>
`;
