// Jest Snapshot v1, https://goo.gl/fbAQLP

exports[`FileUploaderList component 
  fileList: [{"file":{"name":"Audio File.mp3","size":"3 MB","type":"audio"},"status":"uploading","progress":45,"id":1},{"file":{"name":"Video File.mp4","size":"3 MB","type":"video"},"status":"completed","id":2},{"file":{"name":"Image File.jpeg","size":"3 MB","type":"image"},"status":"error","errorMessage":"Network failure","id":3}], onClick: "[Function]", onDelete: "[Function]", onRetry: "[Function]"
 1`] = `
<DocumentFragment>
  <div
    class="FileUploaderList"
    data-test="DesignSystem-FileUploader--List"
  >
    <div
      class="FileUploaderItem"
      data-test="DesignSystem-FileUploader--Item"
    >
      <div
        class="FileUploaderItem-file"
      >
        <span
          class="Text Text--subtle Text--regular FileUploaderItem-text"
          data-test="DesignSystem-Text"
        >
          Audio File.mp3
        </span>
        <div
          class="d-flex align-items-center"
        >
          <svg
            class="Ring Ring--small mr-4"
            data-test="DesignSystem-ProgressRing"
            viewBox="0 0 50 50"
          >
            <circle
              class="Ring-background"
              cx="25"
              cy="25"
              fill="none"
              r="20"
              stroke-dasharray="125.66370614359172 125.66370614359172"
              stroke-width="8"
            />
            <circle
              class="Ring-indicator"
              cx="25"
              cy="25"
              data-test="DesignSystem-ProgressRing--Circle"
              fill="none"
              r="20"
              stroke-dasharray="125.66370614359172 125.66370614359172"
              stroke-dashoffset="69.11503837897544"
              stroke-width="8"
            />
          </svg>
          <button
            class="Button Button--regular Button--regularSquare Button--transparent"
            data-test="DesignSystem-FileUploader--CancelButton"
            tabindex="0"
          >
            <div
              class="Button-icon"
            >
              <i
                class="material-icons material-icons-round Icon Icon--default"
                data-test="DesignSystem-Button--Icon"
                style="font-size: 16px; width: 16px;"
              >
                close_round
              </i>
            </div>
          </button>
        </div>
      </div>
    </div>
    <div
      class="FileUploaderItem"
      data-test="DesignSystem-FileUploader--Item"
    >
      <div
        class="FileUploaderItem-file"
      >
        <span
          class="Text Text--default Text--regular FileUploaderItem-text"
          data-test="DesignSystem-Text"
        >
          Video File.mp4
        </span>
        <div
          class="d-flex align-items-center"
        >
          <button
            class="Button Button--regular Button--regularSquare Button--transparent"
            data-test="DesignSystem-FileUploader--CancelButton"
            tabindex="0"
          >
            <div
              class="Button-icon"
            >
              <i
                class="material-icons material-icons-round Icon Icon--default"
                data-test="DesignSystem-Button--Icon"
                style="font-size: 16px; width: 16px;"
              >
                close_round
              </i>
            </div>
          </button>
        </div>
      </div>
    </div>
    <div
      class="FileUploaderItem"
      data-test="DesignSystem-FileUploader--Item"
    >
      <div
        class="FileUploaderItem-file"
      >
        <span
          class="Text Text--subtle Text--regular FileUploaderItem-text"
          data-test="DesignSystem-Text"
        >
          Image File.jpeg
        </span>
        <div
          class="d-flex align-items-center"
        >
          <button
            class="Button Button--regular Button--regularSquare Button--transparent mr-2"
            data-test="DesignSystem-Button"
            tabindex="0"
          >
            <div
              class="Button-icon"
            >
              <i
                class="material-icons material-icons-round Icon Icon--default"
                data-test="DesignSystem-Button--Icon"
                style="font-size: 16px; width: 16px;"
              >
                refresh_round
              </i>
            </div>
          </button>
          <button
            class="Button Button--regular Button--regularSquare Button--transparent"
            data-test="DesignSystem-FileUploader--CancelButton"
            tabindex="0"
          >
            <div
              class="Button-icon"
            >
              <i
                class="material-icons material-icons-round Icon Icon--default"
                data-test="DesignSystem-Button--Icon"
                style="font-size: 16px; width: 16px;"
              >
                close_round
              </i>
            </div>
          </button>
        </div>
      </div>
      <div
        class="Caption"
        data-test="DesignSystem-Caption"
      >
        <div
          class="Caption-icon"
        >
          <i
            class="material-icons material-icons-round Icon Icon--alert"
            style="font-size: 14px; width: 14px;"
          >
            error_round
          </i>
        </div>
        <span
          class="Text Text--destructive Text--medium Text--small"
          data-test="DesignSystem-Text"
        >
          Network failure
        </span>
      </div>
    </div>
  </div>
</DocumentFragment>
`;
